---
source: tests-integration/src/fixtures.rs
---
Terms
apply ::
  forall (f :: Prim.Type -> Prim.Type) (g :: Prim.Type -> Prim.Type).
    Main.NatTrans @Prim.Type (f :: Prim.Type -> Prim.Type) (g :: Prim.Type -> Prim.Type) ->
    (f :: Prim.Type -> Prim.Type) Prim.Int ->
    (g :: Prim.Type -> Prim.Type) Prim.Int

Types
NatTrans :: forall t0. (t0 -> Prim.Type) -> (t0 -> Prim.Type) -> Prim.Type

Synonyms
type NatTrans f g = forall (a :: t0). (f :: t0 -> Prim.Type) (a :: t0) -> (g :: t0 -> Prim.Type) (a :: t0)
