---
source: tests-integration/src/fixtures.rs
---
Nominal instances class Shapes.Area

Area Int file:///tests-integration/fixtures/lsp/1790464380_nominal_instances/Shapes.purs @ 9:0..10:20
forall a. Area (Box a) file:///tests-integration/fixtures/lsp/1790464380_nominal_instances/Shapes.purs @ 12:0..13:12
forall a. Area (Array (Box a)) file:///tests-integration/fixtures/lsp/1790464380_nominal_instances/Shapes.purs @ 15:0..16:12
Area Size file:///tests-integration/fixtures/lsp/1790464380_nominal_instances/Shapes.purs @ 18:0..18:33


Nominal instances type Shapes.Box

forall a. Area (Box a) file:///tests-integration/fixtures/lsp/1790464380_nominal_instances/Shapes.purs @ 12:0..13:12
forall a. Area (Array (Box a)) file:///tests-integration/fixtures/lsp/1790464380_nominal_instances/Shapes.purs @ 15:0..16:12


Nominal instances type Shapes.Size

Area Size file:///tests-integration/fixtures/lsp/1790464380_nominal_instances/Shapes.purs @ 18:0..18:33
