---
source: tests-integration/src/fixtures.rs
---
invalidAdd :: Prim.Int.Add 2 3 10 => Type.Proxy.Proxy @Prim.Int 10
invalidAdd = \{addDict} -> Proxy

invalidCompare :: Prim.Int.Compare 5 1 Prim.Ordering.LT => Type.Proxy.Proxy @Prim.Ordering.Ordering Prim.Ordering.LT
invalidCompare = \{compareDict} -> Proxy

invalidAppend :: Prim.Symbol.Append "hello" "world" "xyz" => Type.Proxy.Proxy @Prim.Symbol "xyz"
invalidAppend = \{appendDict} -> Proxy

invalidCons :: Prim.Symbol.Cons "hello" "world" "helloworld" => Type.Proxy.Proxy @Prim.Symbol "world"
invalidCons = \{consDict} -> Proxy

forceSolve :: { invalidAdd :: Type.Proxy.Proxy @Prim.Int 10
, invalidAppend :: Type.Proxy.Proxy @Prim.Symbol "xyz"
, invalidCompare :: Type.Proxy.Proxy @Prim.Ordering.Ordering Prim.Ordering.LT
, invalidCons :: Type.Proxy.Proxy @Prim.Symbol "world"
}
forceSolve =
  { invalidAdd: invalidAdd {error}, invalidCompare: invalidCompare {error}, invalidAppend: invalidAppend {error}, invalidCons: invalidCons {error} }
