---
source: tests-integration/src/fixtures.rs
---
Terms
Age :: Prim.Int -> Main.Age
coerceFn :: (Main.Age -> Prim.Int) -> Prim.Int -> Main.Age
over ::
  forall t a s b.
    Data.Newtype.Newtype t a => Data.Newtype.Newtype s b => (a -> t) -> (a -> b) -> t -> s
under ::
  forall t a s b.
    Data.Newtype.Newtype t a => Data.Newtype.Newtype s b => (a -> t) -> (t -> s) -> a -> b
alaF ::
  forall (f :: Prim.Type -> Prim.Type) (g :: Prim.Type -> Prim.Type) t a s b.
    Prim.Coerce.Coercible @Prim.Type
      ((f :: Prim.Type -> Prim.Type) t)
      ((f :: Prim.Type -> Prim.Type) a) =>
    Prim.Coerce.Coercible @Prim.Type
      ((g :: Prim.Type -> Prim.Type) s)
      ((g :: Prim.Type -> Prim.Type) b) =>
    Data.Newtype.Newtype t a =>
    Data.Newtype.Newtype s b =>
    (a -> t) ->
    ((f :: Prim.Type -> Prim.Type) t -> (g :: Prim.Type -> Prim.Type) s) ->
    (f :: Prim.Type -> Prim.Type) a ->
    (g :: Prim.Type -> Prim.Type) b

Types
Age :: Prim.Type

Derived
derive Data.Newtype.Newtype Main.Age Prim.Int

Roles
Age = []
