---
source: tests-integration/src/fixtures.rs
---
data Unit :: Prim.Type
data Unit
  | Unit :: Main.Unit

dictionary eqUnit :: Data.Eq.Eq Main.Unit where
  eq :: Main.Unit -> Main.Unit -> Prim.Boolean
  eq = \left right ->
    case left, right of
      Unit, Unit -> true

dictionary ordUnit :: Data.Ord.Ord Main.Unit where
  superclass eqDict = eqUnit
  compare :: Main.Unit -> Main.Unit -> Data.Ordering.Ordering
  compare = \left right ->
    case left, right of
      Unit, Unit -> EQ
