---
source: tests-integration/src/fixtures.rs
assertion_line: 308
---
Error! · [NotInScope] · Main.purs:6:22
  •
  │
  • 'missing' is not in scope
  │
  │   broken = [observe 1, missing]
  │                        ╰──────
  •

Error! · [CannotUnify] · Main.purs:6:22
  •
  │
  • Cannot unify '?[missing variable resolution]' with 'Int'
  │
  │   broken = [observe 1, missing]
  │                        ╰──────
  •
