---
source: tests-integration/src/fixtures.rs
---
Terms
Function :: forall @a @b. (a -> b) -> Main.Function a b
NestedRight :: forall t0 (@a :: t0) @b. Main.Function Prim.Int b -> Main.NestedRight @t0 (a :: t0) b

Types
Function :: Prim.Type -> Prim.Type -> Prim.Type
NestedRight :: forall t0. t0 -> Prim.Type -> Prim.Type

Derived
derive Data.Profunctor.Profunctor Main.Function
derive forall a. Data.Functor.Functor (Main.Function a)
derive Data.Profunctor.Profunctor (Main.NestedRight @Prim.Type)

Roles
Function = [Representational, Representational]
NestedRight = [Phantom, Representational]
