---
source: tests-integration/src/fixtures.rs
---
Parse error · Main.purs:11:1 · Expected LAYOUT_START
Parse error · Main.purs:11:1 · Expected LAYOUT_END
Parse error · Main.purs:26:1 · Expected RIGHT_PARENTHESIS
Parse error · Main.purs:26:1 · Expected LEFT_ARROW
Error! · [EmptyDoBlock] · Main.purs:9:11
  •
  │
  • Empty do block
  │
  │   emptyDo = do
  │             ╰─
  •

Error! · [CannotUnify] · Main.purs:9:11
  •
  │
  • Cannot unify 'Type' with '?[invalid kind]'
  │
  │   emptyDo = do
  │             ╰─
  •

Warning! · [InvalidFinalBind] · Main.purs:12:3
  •
  │
  • Invalid final bind statement in do expression
  │
  │     value <- pure 1
  │     ╰──────────────
  •

Error! · [InvalidFinalLet] · Main.purs:15:3
  •
  │
  • Invalid final let statement in do expression
  │
  │     let value = 1
  │     ╰────────────
  •

Warning! · [InvalidFinalBind] · Main.purs:22:3
  •
  │
  • Invalid final bind statement in do expression
  │
  │     value <-
  │     ╰───────
  •

Error! · [EmptyDoBlock] · Main.purs:21:26
  •
  │
  • Empty do block
  │
  │   missingFinalBindAction = do
  │                            ╰─
  •

Error! · [CannotUnify] · Main.purs:21:26
  •
  │
  • Cannot unify 'Type' with '?[invalid kind]'
  │
  │   missingFinalBindAction = do
  │                            ╰─
  •

Warning! · [InvalidFinalBind] · Main.purs:25:3
  •
  │
  • Invalid final bind statement in do expression
  │
  │     (
  │     ╰
  •

Error! · [EmptyDoBlock] · Main.purs:24:29
  •
  │
  • Empty do block
  │
  │   missingFinalDiscardAction = do
  │                               ╰─
  •

Error! · [CannotUnify] · Main.purs:24:29
  •
  │
  • Cannot unify 'Type' with '?[invalid kind]'
  │
  │   missingFinalDiscardAction = do
  │                               ╰─
  •

Error! · [MissingFFIModule] · Main.purs:5:1
  •
  │
  • No JavaScript FFI module was found for foreign import 'pure'
  │
  │   foreign import pure :: forall value. value -> Effect value
  │   ╰─────────────────────────────────────────────────────────
  •

Error! · [MissingFFIModule] · Main.purs:6:1
  •
  │
  • No JavaScript FFI module was found for foreign import 'bind'
  │
  │   foreign import bind :: forall value result. Effect value -> (value -> Effect result) -> Effect result
  │   ╰────────────────────────────────────────────────────────────────────────────────────────────────────
  •

Error! · [MissingFFIModule] · Main.purs:7:1
  •
  │
  • No JavaScript FFI module was found for foreign import 'discard'
  │
  │   foreign import discard :: forall value result. Effect value -> (value -> Effect result) -> Effect result
  │   ╰───────────────────────────────────────────────────────────────────────────────────────────────────────
  •
