---
source: tests-integration/src/fixtures.rs
assertion_line: 308
---
Error! · [FunctionalCodegen] · Main.purs:5:1
  •
  │
  • Cannot generate JavaScript for module 'Main'.
  │
  │ 'Iris.StyleX.create' requires dynamic namespaces to use their parameter; write a namespace that
  │ ignores it as a record.
  │
  │   styles = StyleX.create { fixed: \(_ :: Int) -> { width: 4 } }
  │   ╰────────────────────────────────────────────────────────────
  •
