---
source: tests-integration/src/fixtures.rs
---
identity :: forall a. a -> a
identity = \value -> value

record :: { function :: Prim.Int -> Prim.Int, nested :: { value :: Prim.Int } }
record = { function: identity, nested: { value: 42 } }

direct :: { value :: Prim.Int }
direct = record.nested

chained :: Prim.Int
chained = record.nested.value

functionPosition :: Prim.Int
functionPosition = record.function 1

argument :: { value :: Prim.Int }
argument = identity record.nested

applicationBase :: Prim.Int
applicationBase = (identity record).nested.value
