---
source: tests-integration/src/fixtures.rs
---
module Members

Unqualified Imports:

Qualified Imports:

Exported Terms:
  - classString
  - classInt

Exported Types:

Exported Classes:
  - Class
  - Other

Local Terms:
  - classString
  - classInt

Local Types:

Local Classes:
  - Class
  - Other

Class Members:
  - Class.classInt
  - Other.classString

Diagnostics
Error! · [RedefinedIdent] · Members.purs:6:1
  •
  │
  • Instance name 'classInt' conflicts with a local value declaration
  │
  │   instance classInt :: Class Int where
  │   ╰───────────────────────────────────
  │
  • Conflicting declaration
  │
  │     classInt :: a
  │     ╰────────────
  •

Error! · [RedefinedIdent] · Members.purs:9:1
  •
  │
  • Instance name 'classString' conflicts with a local value declaration
  │
  │   instance classString :: Other String where
  │   ╰─────────────────────────────────────────
  │
  • Conflicting declaration
  │
  │     classString :: a
  │     ╰───────────────
  •
