---
source: tests-integration/src/fixtures.rs
---
Error! · [NotInScope] · Main.purs:7:14
  •
  │
  • 'missing' is not in scope
  │
  │   deferred _ = missing
  │                ╰──────
  •

Error! · [NotInScope] · Main.purs:10:14
  •
  │
  • 'missing' is not in scope
  │
  │   nested _ _ = missing
  │                ╰──────
  •

Error! · [CannotUnify] · Main.purs:7:14
  •
  │
  • Cannot unify '?[missing expression]' with 'Int'
  │
  │   deferred _ = missing
  │                ╰──────
  •

Error! · [CannotUnify] · Main.purs:10:14
  •
  │
  • Cannot unify '?[missing expression]' with 'Int'
  │
  │   nested _ _ = missing
  │                ╰──────
  •
