---
source: tests-integration/src/fixtures.rs
---
Error! · [NoInstanceFound] · Main.purs:11:1
  •
  │
  • No instance found for: Eq1 (f :: Type -> Type)
  │
  │   derive instance Eq a => Eq (WrapNoEq1 f a)
  │   ╰─────────────────────────────────────────
  • while
  │
  │   Eq a is in scope
  •

Error! · [FunctionalCodegen] · Main.purs:1:1
  •
  │
  • Cannot generate JavaScript for module 'Main'.
  │
  │ The checked representation of an instance declaration is unavailable.
  │
  │   module Main where
  │   ╰────────────────
  •
