---
source: tests-integration/src/fixtures.rs
---
@export openLeft = \unionRowRowUDict%0 -> "Proxy"

@export openRight = \unionRowRowUDict%1 -> "Proxy"

@export backwardLeft = \unionLRowRowDict%2 -> "Proxy"

@export backwardRight = \unionRowRRowDict%3 -> "Proxy"

@export consOpen = \consIntRowRowDict%4 -> "Proxy"

@export decomposeOpen = \consTTailRowDict%5 -> "Proxy"

@export extractTail = \consIntTailRowDict%6 -> "Proxy"

@export lacksOpen = \lacksRowDict%8 -> \$proxy%7@(_) -> 0

@export lacksPresent = \lacksRowDict%10 -> \$proxy%9@(_) -> 0

@export forceSolve = \unionRowRowDict%11 unionRowDict%12 ->
  {
    openLeft: openLeft <trivial evidence>,
    openRight: openRight <trivial evidence>,
    backwardLeft: backwardLeft unionRowRowDict%11,
    backwardRight: backwardRight <trivial evidence>,
    consOpen: consOpen <trivial evidence>,
    decomposeOpen: decomposeOpen <trivial evidence>,
    extractTail: extractTail <trivial evidence>,
    lacksOpen: lacksOpen <trivial evidence> "Proxy",
    lacksPresent: lacksPresent (<error>) "Proxy"
  }
