---
source: tests-integration/src/fixtures.rs
---
Terms
testSymbol :: Prim.String
testSymbol' :: Prim.String
testInt :: Prim.Int
testInt' :: Prim.Int
testTrue :: Prim.Boolean
testTrue' :: Prim.Boolean
testFalse :: Prim.Boolean
testFalse' :: Prim.Boolean
testLT :: Data.Ordering.Ordering
testLT' :: Data.Ordering.Ordering
testEQ :: Data.Ordering.Ordering
testEQ' :: Data.Ordering.Ordering
testGT :: Data.Ordering.Ordering
testGT' :: Data.Ordering.Ordering

Types
