---
source: tests-integration/src/fixtures.rs
---
@export constructor Sentence/1

@export constructor Paragraph/1

@export fromContent = \dictionary%0 -> dictionary%0.fromContent

@export fromContentPartialLambda = \dictionary%1 -> dictionary%1.fromContentPartialLambda

@export fromContentLambdaPartial = \dictionary%2 -> dictionary%2.fromContentLambdaPartial

@export instance contentOverloadString = {
  fromContent:
    \composeArgument%7 ->
      unsafePartial
        ((\section54%3 ->
          \partialDict%4 ->
            (case section54%3 of
              Sentence content%5 ->
                content%5)
              partialDict%4)
          composeArgument%7),
  fromContentPartialLambda:
    unsafePartial
      (\partialDict%8 ->
        \content%9 ->
          case content%9 of
            Sentence value%10 ->
              value%10),
  fromContentLambdaPartial:
    \content%11 ->
      unsafePartial
        (\partialDict%12 ->
          case content%11 of
            Sentence value%13 ->
              value%13)
}

@export instance contentOverloadArrayString = {
  fromContent:
    \composeArgument%18 ->
      unsafePartial
        ((\section120%14 ->
          \partialDict%15 ->
            (case section120%14 of
              Paragraph content%16 ->
                content%16)
              partialDict%15)
          composeArgument%18),
  fromContentPartialLambda:
    unsafePartial
      (\partialDict%19 ->
        \content%20 ->
          case content%20 of
            Paragraph value%21 ->
              value%21),
  fromContentLambdaPartial:
    \content%22 ->
      unsafePartial
        (\partialDict%23 ->
          case content%22 of
            Paragraph value%24 ->
              value%24)
}
