---
source: tests-integration/src/fixtures.rs
---
Terms
Cons :: forall @a. a -> Main.List a -> Main.List a
Nil :: forall @a. Main.List a
: :: forall @a. a -> Main.List a -> Main.List a
first :: forall a. Main.List a -> a
second :: forall a. Main.List a -> a
inferred :: forall t0. Prim.Partial => Main.List t0 -> t0
Empty :: forall @a. Main.Snoc a
Snoc :: forall @a. Main.Snoc a -> a -> Main.Snoc a
:> :: forall @a. Main.Snoc a -> a -> Main.Snoc a
second' :: forall a. Main.Snoc a -> a

Types
List :: Prim.Type -> Prim.Type
Snoc :: Prim.Type -> Prim.Type

Roles
List = [Representational]
Snoc = [Representational]
