---
source: tests-integration/src/fixtures.rs
---
Terms
Complex ::
  (Prim.Int -> Prim.Int) ->
  (forall value. value -> value) ->
  (Main.Marker @Prim.Type Prim.Int => Prim.Int) ->
  Prim.Int ->
  Main.Complex

Types
Marker :: forall t0. t0 -> Prim.Constraint
Complex :: Prim.Type

Classes
class forall (t0 :: Prim.Type) (a :: t0). Main.Marker @t0 (a :: t0)

Roles
Complex = []
