---
source: tests-integration/src/fixtures.rs
---
interface Eq :: Prim.Type -> Prim.Constraint
interface Eq a where

interface TypeEq :: forall k. k -> k -> Prim.Constraint
interface TypeEq a b where

dictionary eqArray :: forall a. { eqDict :: Main.Eq a } => Main.Eq (Prim.Array a)

dictionary typeEq :: forall k a. Main.TypeEq @k a a
