---
source: tests-integration/src/fixtures.rs
---
data RecordPro :: Prim.Type -> Prim.Type -> Prim.Type
data RecordPro @a @b
  | RecordPro ::
    { consume :: a -> Prim.Int, fixed :: Prim.String, produce :: b } -> Main.RecordPro a b

dictionary profunctorRecordPro :: Data.Profunctor.Profunctor Main.RecordPro where
  dimap :: forall a b c d. (a -> b) -> (c -> d) -> Main.RecordPro b c -> Main.RecordPro a d
  dimap = \firstFunction secondFunction value ->
    case value of
      (RecordPro field0) -> RecordPro
        field0 { consume = \argument ->
          field0.consume (firstFunction argument), produce = secondFunction field0.produce }
