---
source: tests-integration/src/fixtures.rs
---
Terms
unsafeCoerce :: forall a b. a -> b
merge ::
  forall (r1 :: Prim.Row Prim.Type) (r2 :: Prim.Row Prim.Type) (r3 :: Prim.Row Prim.Type)
    (r4 :: Prim.Row Prim.Type).
    Prim.Row.Union @Prim.Type
      (r1 :: Prim.Row Prim.Type)
      (r2 :: Prim.Row Prim.Type)
      (r3 :: Prim.Row Prim.Type) =>
    Prim.Row.Nub @Prim.Type (r3 :: Prim.Row Prim.Type) (r4 :: Prim.Row Prim.Type) =>
    {| (r1 :: Prim.Row Prim.Type) } ->
    {| (r2 :: Prim.Row Prim.Type) } ->
    {| (r4 :: Prim.Row Prim.Type) }
test :: { a :: Prim.Int, b :: Prim.String }

Types
