---
source: tests-integration/src/fixtures.rs
---
Terms
test :: forall @a. Main.Test a => a -> a

Types
Test :: Prim.Type -> Prim.Constraint

Classes
class forall (a :: Prim.Type). Main.Test a
  test :: forall @a. Main.Test a => a -> a

Instances
instance forall a. Main.Test a
instance Main.Test Prim.Int
