---
source: tests-integration/src/fixtures.rs
---
interface ConvertOptions :: forall k0 k1 k2. k0 -> k1 -> k2 -> Prim.Constraint
interface ConvertOptions defaults provided all where

defaultOptions :: {| Main.Optional @Prim.Type }
defaultOptions = { }

dictionary convertOptionsTypeTypeTypeRecordOptionalTypeRecordRecordAll ::
  forall provided.
  Main.ConvertOptions @Prim.Type @Prim.Type @Prim.Type
  {| Main.Optional @Prim.Type }
  {| provided }
  {| Main.All }
