---
source: tests-integration/src/fixtures.rs
---
@export constructor Empty/0

@export constructor One/1

@export unwrap = \wrapped%1 ->
  let
    value%0 = wrapped%1
  in value%0

@export select = \record%3 ->
  let
    { first: first%4, second: second%2 } = record%3
  in second%2

@export unwrapOne = \partialDict%7 ->
  \choice%6 ->
    let
      One value%5 = choice%6
    in value%5
