---
source: tests-integration/src/fixtures.rs
---
interface Named :: forall k0. k0 -> Prim.Constraint
interface Named a where
  name :: Prim.String

use :: forall body. Main.Named @Prim.Type body => body -> Prim.String
use = \{namedDict} -> \_ -> alias {namedDict}
  where
  alias :: Main.Named @Prim.Type body => Prim.String
  alias = name
