---
source: tests-integration/src/fixtures.rs
assertion_line: 309
---
styles :: forall t0.
  Iris.StyleX.CompileStyleList
    (Prim.RowList.Cons @Prim.Type
      "root"
      (Prim.String -> { color :: Prim.String })
      (Prim.RowList.Nil @Prim.Type))
    t0 =>
  {| t0 }
styles = \{compileStyleListDict} ->
  create {compileStyles {trivial} {compileStyleListDict}}
    { root: \(colour :: Prim.String) -> { color: colour } }
