---
source: tests-integration/src/fixtures.rs
---
Error! · [CannotDeriveForType] · Main.purs:7:1
  •
  │
  • Cannot derive for type: ImportedStructural a
  │
  │   derive instance Eq a => Eq (ImportedStructural a)
  │   ╰────────────────────────────────────────────────
  •

Error! · [CannotDeriveForType] · Main.purs:8:1
  •
  │
  • Cannot derive for type: ImportedStructural a1
  │
  │   derive instance Ord a => Ord (ImportedStructural a)
  │   ╰──────────────────────────────────────────────────
  •

Error! · [CannotDeriveForType] · Main.purs:10:1
  •
  │
  • Cannot derive for type: ImportedLifted
  │
  │   derive instance Eq1 ImportedLifted
  │   ╰─────────────────────────────────
  •

Error! · [CannotDeriveForType] · Main.purs:11:1
  •
  │
  • Cannot derive for type: ImportedLifted
  │
  │   derive instance Ord1 ImportedLifted
  │   ╰──────────────────────────────────
  •

Error! · [CannotDeriveForType] · Main.purs:13:1
  •
  │
  • Cannot derive for type: ImportedOpaque
  │
  │   derive instance Eq1 ImportedOpaque
  │   ╰─────────────────────────────────
  •

Error! · [CannotDeriveForType] · Main.purs:14:1
  •
  │
  • Cannot derive for type: ImportedOpaque
  │
  │   derive instance Ord1 ImportedOpaque
  │   ╰──────────────────────────────────
  •

Error! · [FunctionalCodegen] · Main.purs:1:1
  •
  │
  • Cannot generate JavaScript for module 'Main'.
  │
  │ The checked representation of an instance declaration is unavailable.
  │
  │   module Main where
  │   ╰────────────────
  •
