---
source: tests-integration/src/fixtures.rs
---
data Function :: Prim.Type -> Prim.Type -> Prim.Type
data Function @a @b
  | Function :: (a -> b) -> Main.Function a b

data NestedLeft :: forall k0. Prim.Type -> k0 -> Prim.Type
data NestedLeft @a @b
  | NestedLeft :: Main.Function a Prim.Int -> Main.NestedLeft a b

dictionary profunctorFunction :: Data.Profunctor.Profunctor Main.Function where
  dimap :: forall a b c d. (a -> b) -> (c -> d) -> Main.Function b c -> Main.Function a d
  dimap = \firstFunction secondFunction value ->
    case value of
      (Function field0) -> Function \argument -> secondFunction (field0 (firstFunction argument))

dictionary profunctorNestedLeftType :: Data.Profunctor.Profunctor (Main.NestedLeft @Prim.Type) where
  dimap :: forall a b c d.
  (a -> b) -> (c -> d) -> Main.NestedLeft @Prim.Type b c -> Main.NestedLeft @Prim.Type a d
  dimap = \firstFunction secondFunction value ->
    case value of
      (NestedLeft field0) -> NestedLeft
        (dimap {profunctorFunction} (\element -> firstFunction element) (\unchanged -> unchanged)
          field0)
