---
source: tests-integration/src/fixtures.rs
---
Terms
Function :: forall @a @b. (a -> b) -> Main.Function a b
NestedLeft :: forall t0 @a (@b :: t0). Main.Function a Prim.Int -> Main.NestedLeft @t0 a (b :: t0)

Types
Function :: Prim.Type -> Prim.Type -> Prim.Type
NestedLeft :: forall t0. Prim.Type -> t0 -> Prim.Type

Derived
derive Data.Profunctor.Profunctor Main.Function
derive Data.Profunctor.Profunctor (Main.NestedLeft @Prim.Type)

Roles
Function = [Representational, Representational]
NestedLeft = [Representational, Phantom]
