---
source: tests-integration/src/fixtures.rs
---
@export constructor Identity/1

@export instance foldableIdentity = {
  foldr:
    \function%0 accumulator%1 value%2 ->
      case value%2 of
        Identity field0%3 ->
          function%0 field0%3 accumulator%1,
  foldl:
    \function%4 accumulator%5 value%6 ->
      case value%6 of
        Identity field0%7 ->
          function%4 accumulator%5 field0%7,
  foldMap:
    \monoidMDict%11 ->
      \function%8 value%9 ->
        case value%9 of
          Identity field0%10 ->
            function%8 field0%10
}

@export constructor Nothing/0

@export constructor Just/1

@export instance foldableMaybe = {
  foldr:
    \function%12 accumulator%13 value%14 ->
      case value%14 of
        Nothing ->
          accumulator%13
        Just field0%15 ->
          function%12 field0%15 accumulator%13,
  foldl:
    \function%16 accumulator%17 value%18 ->
      case value%18 of
        Nothing ->
          accumulator%17
        Just field0%19 ->
          function%16 accumulator%17 field0%19,
  foldMap:
    \monoidMDict%22 ->
      \function%20 value%21 ->
        case value%21 of
          Nothing ->
            mempty monoidMDict%22
          Just field0%23 ->
            function%20 field0%23
}

@export constructor Const/1

@export instance foldableConstType = {
  foldr:
    \function%24 accumulator%25 value%26 ->
      case value%26 of
        Const field0%27 ->
          accumulator%25,
  foldl:
    \function%28 accumulator%29 value%30 ->
      case value%30 of
        Const field0%31 ->
          accumulator%29,
  foldMap:
    \monoidMDict%35 ->
      \function%32 value%33 ->
        case value%33 of
          Const field0%34 ->
            mempty monoidMDict%35
}
