---
source: tests-integration/tests/formatting.rs
assertion_line: 69
---
=== width 80, indent 2 ===
module Main where

choose -- explanation
  firstArgument secondArgument = firstArgument

=== width 20, indent 1 ===
module Main where

choose -- explanation
 firstArgument
  secondArgument =
 firstArgument

=== width 40, indent 4, unicode ===
module Main where

choose -- explanation
    firstArgument secondArgument =
    firstArgument
