---
source: tests-integration/src/fixtures.rs
---
@export constructor Representation/0

@export instance parentRepresentation = {  }

@export instance childRepresentation = { "Parent0": \() -> parentRepresentation }

@export instance parentWrapper = \gateParameterDict%0 -> {  }

@export instance childWrapper = childRepresentation
