---
source: tests-integration/src/fixtures.rs
---
Terms
symbol :: Prim.String
reflectedString :: Prim.String
reflectedInteger :: Prim.Int
reflectedTrue :: Prim.Boolean
reflectedFalse :: Prim.Boolean
reflectedLess :: Data.Ordering.Ordering
reflectedEqual :: Data.Ordering.Ordering
reflectedGreater :: Data.Ordering.Ordering

Types
