---
source: tests-integration/src/fixtures.rs
---
Terms
Nil :: forall @a. Main.List a
Cons :: forall @a. Main.List a -> Main.List a
append :: forall a. Main.List a -> Main.List Prim.Int -> Main.List a
<+> :: forall a. Main.List a -> Main.List Prim.Int -> Main.List a

Types
List :: Prim.Type -> Prim.Type

Roles
List = [Representational]
