---
source: tests-integration/src/fixtures.rs
assertion_line: 422
expression: report
---
WorkspaceSymbols query ""

<none>


WorkspaceSymbols query "main"

MainClass Interface file:///tests-integration/fixtures/lsp/1779213180_workspace_symbols/Main.purs @ 7:0..7:17
MainConstructor Constructor file:///tests-integration/fixtures/lsp/1779213180_workspace_symbols/Main.purs @ 5:16..5:31
MainType Enum file:///tests-integration/fixtures/lsp/1779213180_workspace_symbols/Main.purs @ 5:0..5:31
mainValue Function file:///tests-integration/fixtures/lsp/1779213180_workspace_symbols/Main.purs @ 2:0..3:14


WorkspaceSymbols query "MAIN"

MainClass Interface file:///tests-integration/fixtures/lsp/1779213180_workspace_symbols/Main.purs @ 7:0..7:17
MainConstructor Constructor file:///tests-integration/fixtures/lsp/1779213180_workspace_symbols/Main.purs @ 5:16..5:31
MainType Enum file:///tests-integration/fixtures/lsp/1779213180_workspace_symbols/Main.purs @ 5:0..5:31
mainValue Function file:///tests-integration/fixtures/lsp/1779213180_workspace_symbols/Main.purs @ 2:0..3:14


WorkspaceSymbols query "mainv"

mainValue Function file:///tests-integration/fixtures/lsp/1779213180_workspace_symbols/Main.purs @ 2:0..3:14


WorkspaceSymbols query "i\u{307}stanbul"

İstanbul Enum file:///tests-integration/fixtures/lsp/1779213180_workspace_symbols/Main.purs @ 11:0..11:35
İstanbulConstructor Constructor file:///tests-integration/fixtures/lsp/1779213180_workspace_symbols/Main.purs @ 11:16..11:35


WorkspaceSymbols query "i\u{307}stanbulc"

İstanbulConstructor Constructor file:///tests-integration/fixtures/lsp/1779213180_workspace_symbols/Main.purs @ 11:16..11:35


WorkspaceSymbols query "library"

LibraryClass Interface file:///tests-integration/fixtures/lsp/1779213180_workspace_symbols/Library.purs @ 7:0..7:20
LibraryConstructor Constructor file:///tests-integration/fixtures/lsp/1779213180_workspace_symbols/Library.purs @ 5:19..5:37
LibraryType Enum file:///tests-integration/fixtures/lsp/1779213180_workspace_symbols/Library.purs @ 5:0..5:37
libraryValue Function file:///tests-integration/fixtures/lsp/1779213180_workspace_symbols/Library.purs @ 2:0..3:16


WorkspaceSymbols query "libraryc"

LibraryClass Interface file:///tests-integration/fixtures/lsp/1779213180_workspace_symbols/Library.purs @ 7:0..7:20
LibraryConstructor Constructor file:///tests-integration/fixtures/lsp/1779213180_workspace_symbols/Library.purs @ 5:19..5:37


WorkspaceSymbols query "missing"

<empty>
