---
source: tests-integration/src/fixtures.rs
---
data Function :: Prim.Type -> Prim.Type -> Prim.Type
data Function @a @b
  | Function :: (a -> b) -> Main.Function a b

data DoubleInput :: Prim.Type -> Prim.Type
data DoubleInput @a
  | DoubleInput :: Main.Function (Main.Function a Prim.Int) Prim.Int -> Main.DoubleInput a

dictionary profunctorFunction :: Data.Profunctor.Profunctor Main.Function where
  dimap :: forall a b c d. (a -> b) -> (c -> d) -> Main.Function b c -> Main.Function a d
  dimap = \firstFunction secondFunction value ->
    case value of
      (Function field0) -> Function \argument -> secondFunction (field0 (firstFunction argument))

dictionary functorDoubleInput :: Data.Functor.Functor Main.DoubleInput where
  map :: forall a b. (a -> b) -> Main.DoubleInput a -> Main.DoubleInput b
  map = \function value ->
    case value of
      (DoubleInput field0) -> DoubleInput
        (dimap {profunctorFunction}
          (\element ->
            dimap {profunctorFunction} (\element -> function element) (\unchanged -> unchanged)
              element)
          (\unchanged -> unchanged)
          field0)
