---
source: tests-integration/src/fixtures.rs
---
data Tuple :: Prim.Type -> Prim.Type -> Prim.Type
data Tuple @first @second
  | Tuple :: first -> second -> Main.Tuple first second

interface Operations :: (Prim.Type -> Prim.Type) -> Prim.Constraint
interface Operations effect where
  pure :: forall value. value -> effect value
  map :: forall value result. (value -> result) -> effect value -> effect result
  apply :: forall value result. effect (value -> result) -> effect value -> effect result

usingMapApply :: forall effect. Main.Operations effect => effect (Main.Tuple Prim.Int Prim.String)
usingMapApply = \{operationsDict} ->
  apply {operationsDict}
    (map {operationsDict} (\first second -> Tuple first second) (pure {operationsDict} 1))
    (pure {operationsDict} "two")

usingPure :: forall effect. Main.Operations effect => effect Prim.Int
usingPure = \{operationsDict} -> pure {operationsDict} 1
