---
source: tests-integration/src/fixtures.rs
---
Terms
append :: forall @a. Main.Semigroup a => a -> a -> a
first :: forall t0. Main.Semigroup t0 => t0 -> t0
second :: forall t0. Main.Semigroup t0 => t0 -> t0

Types
Semigroup :: Prim.Type -> Prim.Constraint

Classes
class forall (a :: Prim.Type). Main.Semigroup a
  append :: forall @a. Main.Semigroup a => a -> a -> a
