---
source: tests-integration/src/fixtures.rs
---
Terms
unsafeCoerce :: forall a b. a -> b
merge ::
  forall (r1 :: Prim.Row Prim.Type) (r2 :: Prim.Row Prim.Type) (r3 :: Prim.Row Prim.Type)
    (r4 :: Prim.Row Prim.Type).
    Prim.Row.Union @Prim.Type
      (r1 :: Prim.Row Prim.Type)
      (r2 :: Prim.Row Prim.Type)
      (r3 :: Prim.Row Prim.Type) =>
    Prim.Row.Nub @Prim.Type (r3 :: Prim.Row Prim.Type) (r4 :: Prim.Row Prim.Type) =>
    {| (r1 :: Prim.Row Prim.Type) } ->
    {| (r2 :: Prim.Row Prim.Type) } ->
    {| (r4 :: Prim.Row Prim.Type) }
a ::
  forall (t0 :: Prim.Row Prim.Type) (t1 :: Prim.Row Prim.Type).
    Prim.Row.Nub @Prim.Type
      ( a :: Prim.Int | (t0 :: Prim.Row Prim.Type) )
      (t1 :: Prim.Row Prim.Type) =>
    {| (t0 :: Prim.Row Prim.Type) } -> {| (t1 :: Prim.Row Prim.Type) }
b :: { a :: Prim.Int, b :: Prim.Int }
fromUnion ::
  forall (r1 :: Prim.Row Prim.Type) (r2 :: Prim.Row Prim.Type) (r3 :: Prim.Row Prim.Type).
    Prim.Row.Union @Prim.Type
      (r1 :: Prim.Row Prim.Type)
      (r2 :: Prim.Row Prim.Type)
      (r3 :: Prim.Row Prim.Type) =>
    {| (r3 :: Prim.Row Prim.Type) } -> Prim.Int
test ::
  forall (t0 :: Prim.Row Prim.Type) (t1 :: Prim.Row Prim.Type) (t2 :: Prim.Row Prim.Type).
    Prim.Row.Union @Prim.Type
      (t0 :: Prim.Row Prim.Type)
      (t1 :: Prim.Row Prim.Type)
      (t2 :: Prim.Row Prim.Type) =>
    {| (t2 :: Prim.Row Prim.Type) } -> Prim.Int
chainedUnion ::
  forall (r1 :: Prim.Row Prim.Type) (r2 :: Prim.Row Prim.Type) (r3 :: Prim.Row Prim.Type)
    (r4 :: Prim.Row Prim.Type) (r5 :: Prim.Row Prim.Type).
    Prim.Row.Union @Prim.Type
      (r1 :: Prim.Row Prim.Type)
      (r2 :: Prim.Row Prim.Type)
      (r3 :: Prim.Row Prim.Type) =>
    Prim.Row.Union @Prim.Type
      (r3 :: Prim.Row Prim.Type)
      (r4 :: Prim.Row Prim.Type)
      (r5 :: Prim.Row Prim.Type) =>
    {| (r1 :: Prim.Row Prim.Type) } -> {| (r5 :: Prim.Row Prim.Type) }
testChained ::
  forall (t0 :: Prim.Row Prim.Type) (t1 :: Prim.Row Prim.Type) (t2 :: Prim.Row Prim.Type).
    Prim.Row.Union @Prim.Type
      (t0 :: Prim.Row Prim.Type)
      (t1 :: Prim.Row Prim.Type)
      (t2 :: Prim.Row Prim.Type) =>
    { x :: Prim.Int | (t2 :: Prim.Row Prim.Type) }
multiMerge ::
  forall (r1 :: Prim.Row Prim.Type) (r2 :: Prim.Row Prim.Type) (r3 :: Prim.Row Prim.Type)
    (r4 :: Prim.Row Prim.Type) (r5 :: Prim.Row Prim.Type) (r6 :: Prim.Row Prim.Type).
    Prim.Row.Union @Prim.Type
      (r1 :: Prim.Row Prim.Type)
      (r2 :: Prim.Row Prim.Type)
      (r3 :: Prim.Row Prim.Type) =>
    Prim.Row.Nub @Prim.Type (r3 :: Prim.Row Prim.Type) (r4 :: Prim.Row Prim.Type) =>
    Prim.Row.Union @Prim.Type
      (r4 :: Prim.Row Prim.Type)
      (r5 :: Prim.Row Prim.Type)
      (r6 :: Prim.Row Prim.Type) =>
    {| (r1 :: Prim.Row Prim.Type) } ->
    {| (r5 :: Prim.Row Prim.Type) } ->
    {| (r6 :: Prim.Row Prim.Type) }
testMulti1 ::
  forall (t0 :: Prim.Row Prim.Type) (t1 :: Prim.Row Prim.Type) (t2 :: Prim.Row Prim.Type)
    (t3 :: Prim.Row Prim.Type).
    Prim.Row.Union @Prim.Type
      (t0 :: Prim.Row Prim.Type)
      (t1 :: Prim.Row Prim.Type)
      (t2 :: Prim.Row Prim.Type) =>
    Prim.Row.Nub @Prim.Type
      ( a :: Prim.Int | (t3 :: Prim.Row Prim.Type) )
      (t0 :: Prim.Row Prim.Type) =>
    {| (t1 :: Prim.Row Prim.Type) } -> {| (t2 :: Prim.Row Prim.Type) }
testMulti2 ::
  forall (t0 :: Prim.Row Prim.Type) (t1 :: Prim.Row Prim.Type) (t2 :: Prim.Row Prim.Type).
    Prim.Row.Nub @Prim.Type
      ( a :: Prim.Int | (t0 :: Prim.Row Prim.Type) )
      (t1 :: Prim.Row Prim.Type) =>
    Prim.Row.Union @Prim.Type
      (t1 :: Prim.Row Prim.Type)
      ( b :: Prim.Int )
      (t2 :: Prim.Row Prim.Type) =>
    {| (t2 :: Prim.Row Prim.Type) }

Types
