---
source: tests-integration/src/fixtures.rs
---
@export name = \dictionary%0 -> dictionary%0.name

@export instance namedString = { name: \value%1 -> value%1 }

@export use = \namedADict%2 -> \value%4 -> name namedADict%2 value%4

@export useLet = \namedADict%5 -> \value%7 -> name namedADict%5 value%7
