---
source: tests-integration/src/fixtures.rs
---
Error! · [MissingFFIModule] · Main.purs:8:1
  •
  │
  • No JavaScript FFI module was found for foreign import 'unify'
  │
  │   foreign import unify :: forall r. Box r -> Box r -> Box r
  │   ╰────────────────────────────────────────────────────────
  •

Error! · [MissingFFIModule] · Main.purs:10:1
  •
  │
  • No JavaScript FFI module was found for foreign import 'withF'
  │
  │   foreign import withF :: forall r. Box ( f :: F | r )
  │   ╰───────────────────────────────────────────────────
  •

Error! · [MissingFFIModule] · Main.purs:11:1
  •
  │
  • No JavaScript FFI module was found for foreign import 'withG'
  │
  │   foreign import withG :: forall r. Box ( g :: G | r )
  │   ╰───────────────────────────────────────────────────
  •
