---
source: tests-integration/src/fixtures.rs
---
Terms
Representation :: Main.Representation
Wrapper :: Main.Representation -> Main.Wrapper

Types
Parent :: forall t0. t0 -> Prim.Constraint
Child :: forall t0. t0 -> Prim.Constraint
Representation :: Prim.Type
Wrapper :: Prim.Type

Classes
class forall (t0 :: Prim.Type) (value :: t0). Main.Parent @t0 (value :: t0)
class forall (t0 :: Prim.Type) (value :: t0). Main.Parent @t0 (value :: t0) <= Main.Child @t0 (value :: t0)

Instances
instance Main.Parent @Prim.Type Main.Representation
instance Main.Parent @Prim.Type Main.Wrapper

Derived
derive Main.Child @Prim.Type Main.Wrapper

Roles
Representation = []
Wrapper = []
