---
source: tests-integration/src/fixtures.rs
---
Hover at Position { line: 2, character: 11 }

```
inferred { argument } = { argument }
--         $              $
```

Range: <none>

```purescript
t0
```


Hover at Position { line: 2, character: 26 }

```
inferred { argument } = { argument }
--         $              $
```

Range: <none>

```purescript
t0
```


Hover at Position { line: 6, character: 10 }

```
checked { argument } = { argument }
--        $              $
```

Range: <none>

```purescript
ofCourse
```


Hover at Position { line: 6, character: 25 }

```
checked { argument } = { argument }
--        $              $
```

Range: <none>

```purescript
ofCourse
```
