---
source: tests-integration/src/fixtures.rs
---
data Predicate :: Prim.Type -> Prim.Type
data Predicate @a
  | Predicate :: (a -> Prim.Boolean) -> Main.Predicate a

data Function :: Prim.Type -> Prim.Type -> Prim.Type
data Function @a @b
  | Function :: (a -> b) -> Main.Function a b

data Mixed :: Prim.Type -> Prim.Type -> Prim.Type
data Mixed @a @b
  | Mixed :: Main.Function (Main.Predicate a) b -> Main.Mixed a b

dictionary contravariantPredicate :: Data.Functor.Contravariant.Contravariant Main.Predicate where
  cmap :: forall a b. (b -> a) -> Main.Predicate a -> Main.Predicate b
  cmap = \function value ->
    case value of
      (Predicate field0) -> Predicate \argument -> field0 (function argument)

dictionary profunctorFunction :: Data.Profunctor.Profunctor Main.Function where
  dimap :: forall a b c d. (a -> b) -> (c -> d) -> Main.Function b c -> Main.Function a d
  dimap = \firstFunction secondFunction value ->
    case value of
      (Function field0) -> Function \argument -> secondFunction (field0 (firstFunction argument))

dictionary bifunctorMixed :: Data.Bifunctor.Bifunctor Main.Mixed where
  bimap :: forall a b c d. (a -> b) -> (c -> d) -> Main.Mixed a c -> Main.Mixed b d
  bimap = \firstFunction secondFunction value ->
    case value of
      (Mixed field0) -> Mixed
        (dimap {profunctorFunction}
          (\element -> cmap {contravariantPredicate} (\element -> firstFunction element) element)
          (\element -> secondFunction element)
          field0)
