---
source: tests-integration/src/fixtures.rs
---
Terms
select :: forall @a. Main.Select a => a -> a -> a
Wrapped :: forall @a. a -> Main.Wrapped a
ordinaryPrerequisite :: Main.Wrapped Prim.Int

Types
Select :: Prim.Type -> Prim.Constraint
Wrapped :: Prim.Type -> Prim.Type

Classes
class forall (a :: Prim.Type). Main.Select a
  select :: forall @a. Main.Select a => a -> a -> a

Instances
instance Main.Select Prim.Int
instance forall a. Main.Select a => Main.Select (Main.Wrapped a)

Roles
Wrapped = [Representational]
