---
source: tests-integration/src/fixtures.rs
---
data Pair :: Prim.Type -> Prim.Type -> Prim.Type
data Pair @a @b
  | Pair :: a -> Prim.Int -> b -> Main.Pair a b

dictionary bifoldablePair :: Data.Bifoldable.Bifoldable Main.Pair where
  bifoldr :: forall a b c. (a -> c -> c) -> (b -> c -> c) -> c -> Main.Pair a b -> c
  bifoldr = \firstFunction secondFunction accumulator value ->
    case value of
      (Pair field0 field1 field2) -> firstFunction field0 (secondFunction field2 accumulator)
  bifoldl :: forall a b c. (c -> a -> c) -> (c -> b -> c) -> c -> Main.Pair a b -> c
  bifoldl = \firstFunction secondFunction accumulator value ->
    case value of
      (Pair field0 field1 field2) -> secondFunction (firstFunction accumulator field0) field2
  bifoldMap :: forall m a b. Data.Monoid.Monoid m => (a -> m) -> (b -> m) -> Main.Pair a b -> m
  bifoldMap = \{monoidDict} ->
    \firstFunction secondFunction value ->
      case value of
        (Pair field0 field1 field2) -> append {monoidDict.semigroupDict} (firstFunction field0)
          (secondFunction field2)
