---
source: tests-integration/src/fixtures.rs
---
Terms
namedContinuation ::
  forall (region :: Control.Monad.ST.Internal.Region).
    Data.Unit.Unit ->
    Control.Monad.ST.Internal.ST (region :: Control.Monad.ST.Internal.Region) Prim.Int
namedBind ::
  forall (region :: Control.Monad.ST.Internal.Region).
    Data.Unit.Unit ->
    Control.Monad.ST.Internal.ST (region :: Control.Monad.ST.Internal.Region) Prim.Int
runNamedBind :: Data.Unit.Unit -> Prim.Int

Types
