---
source: tests-integration/src/fixtures.rs
---
@export constructor Tuple/2

@export constructor Just/1

@export constructor Nothing/0

@export complete = \section21%0 ->
  case section21%0 of
    Tuple (Just _) (Just _) ->
      1
    Tuple (Just _) Nothing ->
      2
    Tuple Nothing (Just _) ->
      3
    Tuple Nothing Nothing ->
      4

@export incomplete1 = \partialDict%2 ->
  \section68%1 ->
    (case section68%1 of
      Tuple (Just _) Nothing ->
        2
      Tuple Nothing (Just _) ->
        3
      Tuple Nothing Nothing ->
        4)
      partialDict%2

@export incomplete2 = \partialDict%4 ->
  \section103%3 ->
    (case section103%3 of
      Tuple (Just _) (Just _) ->
        1
      Tuple Nothing (Just _) ->
        3
      Tuple Nothing Nothing ->
        4)
      partialDict%4

@export incomplete3 = \partialDict%6 ->
  \section140%5 ->
    (case section140%5 of
      Tuple (Just _) (Just _) ->
        1
      Tuple (Just _) Nothing ->
        2
      Tuple Nothing Nothing ->
        4)
      partialDict%6

@export incomplete4 = \partialDict%8 ->
  \section177%7 ->
    (case section177%7 of
      Tuple (Just _) (Just _) ->
        1
      Tuple (Just _) Nothing ->
        2
      Tuple Nothing (Just _) ->
        3)
      partialDict%8
