---
source: tests-integration/src/fixtures.rs
assertion_line: 309
---
missingVariable :: ?[missing variable resolution]
missingVariable = <error>

missingConstructor :: ?[missing constructor resolution]
missingConstructor = <error>

missingOperator :: forall t0. t0
missingOperator = <error>

missingNegate :: ?[missing negate resolution]
missingNegate = <error>

missingDo :: forall t0 t1. t0 t1
missingDo = <error> <error> \value -> value

missingDiscard :: forall t0 t1. t0 t1
missingDiscard = <error> <error> \_ -> <error>

missingAdo :: forall t0 t1. t0 t1
missingAdo = <error> (<error> (\value second -> value) <error>) <error>

missingPure :: forall t0. t0 Prim.Int
missingPure = <error> 1

missingType :: ?[missing constructor]
missingType = <error>
