---
source: tests-integration/src/fixtures.rs
---
Error! · [NotInScope] · Main.purs:4:19
  •
  │
  • 'absent' is not in scope
  │
  │   missingVariable = absent
  │                     ╰─────
  •

Error! · [NotInScope] · Main.purs:5:22
  •
  │
  • 'Missing' is not in scope
  │
  │   missingConstructor = Missing
  │                        ╰──────
  •

Error! · [NotInScope] · Main.purs:6:21
  •
  │
  • '+' is not in scope
  │
  │   missingOperator = 1 + 2
  │                       ╰
  •

Error! · [NotInScope] · Main.purs:7:17
  •
  │
  • 'negate' is not in scope
  │
  │   missingNegate = -1
  │                   ╰─
  •

Error! · [NotInScope] · Main.purs:9:13
  •
  │
  • 'bind' is not in scope
  │
  │   missingDo = do
  │               ╰─
  •

Error! · [NotInScope] · Main.purs:10:12
  •
  │
  • 'absent' is not in scope
  │
  │     value <- absent
  │              ╰─────
  •

Error! · [NotInScope] · Main.purs:13:18
  •
  │
  • 'discard' is not in scope
  │
  │   missingDiscard = do
  │                    ╰─
  •

Error! · [NotInScope] · Main.purs:14:3
  •
  │
  • 'absent' is not in scope
  │
  │     absent
  │     ╰─────
  •

Error! · [NotInScope] · Main.purs:15:3
  •
  │
  • 'absent' is not in scope
  │
  │     absent
  │     ╰─────
  •

Error! · [NotInScope] · Main.purs:17:14
  •
  │
  • 'map' is not in scope
  │
  │   missingAdo = ado
  │                ╰──
  •

Error! · [NotInScope] · Main.purs:17:14
  •
  │
  • 'apply' is not in scope
  │
  │   missingAdo = ado
  │                ╰──
  •

Error! · [NotInScope] · Main.purs:18:12
  •
  │
  • 'absent' is not in scope
  │
  │     value <- absent
  │              ╰─────
  •

Error! · [NotInScope] · Main.purs:19:13
  •
  │
  • 'absent' is not in scope
  │
  │     second <- absent
  │               ╰─────
  •

Error! · [NotInScope] · Main.purs:22:15
  •
  │
  • 'pure' is not in scope
  │
  │   missingPure = ado
  │                 ╰──
  •

Error! · [NotInScope] · Main.purs:25:16
  •
  │
  • 'MissingType' is not in scope
  │
  │   missingType :: MissingType
  │                  ╰──────────
  •

Error! · [NotInScope] · Main.purs:26:15
  •
  │
  • 'absent' is not in scope
  │
  │   missingType = absent
  │                 ╰─────
  •

Error! · [CannotUnify] · Main.purs:28:28
  •
  │
  • Cannot unify 'Type' with '?[invalid kind]'
  │
  │   type MissingTypeOperator = Int + String
  │                              ╰───────────
  •

Error! · [CannotUnify] · Main.purs:4:19
  •
  │
  • Cannot unify 'Type' with '?[invalid kind]'
  │
  │   missingVariable = absent
  │                     ╰─────
  •

Error! · [CannotUnify] · Main.purs:5:22
  •
  │
  • Cannot unify 'Type' with '?[invalid kind]'
  │
  │   missingConstructor = Missing
  │                        ╰──────
  •

Error! · [CannotUnify] · Main.purs:7:17
  •
  │
  • Cannot unify 'Type' with '?[invalid kind]'
  │
  │   missingNegate = -1
  │                   ╰─
  •

Error! · [CannotUnify] · Main.purs:10:3
  •
  │
  • Cannot unify '?[missing expression]' with '(t0 :: Type -> Type) ((t0 :: Type -> Type) t1)'
  │
  │     value <- absent
  │     ╰──────────────
  •

Error! · [CannotUnify] · Main.purs:14:3
  •
  │
  • Cannot unify '?[missing expression]' with '(t2 :: Type -> Type) ?24'
  │
  │     absent
  │     ╰─────
  •

Error! · [CannotUnify] · Main.purs:15:3
  •
  │
  • Cannot unify '?[missing expression]' with '(t2 :: Type -> Type) t3'
  │
  │     absent
  │     ╰─────
  •

Error! · [CannotUnify] · Main.purs:18:3
  •
  │
  • Cannot unify '?[missing expression]' with '(t4 :: Type -> Type) t5'
  │
  │     value <- absent
  │     ╰──────────────
  •

Error! · [CannotUnify] · Main.purs:19:3
  •
  │
  • Cannot unify '?[missing expression]' with '(t4 :: Type -> Type) ?34'
  │
  │     second <- absent
  │     ╰───────────────
  •

Error! · [CannotUnify] · Main.purs:25:16
  •
  │
  • Cannot unify '?[missing constructor]' with 'Type'
  │
  │   missingType :: MissingType
  │                  ╰──────────
  •

Error! · [CannotUnify] · Main.purs:26:15
  •
  │
  • Cannot unify '?[missing expression]' with '?[missing constructor]'
  │
  │   missingType = absent
  │                 ╰─────
  •

Error! · [FunctionalCodegen] · Main.purs:30:1
  •
  │
  • Cannot generate JavaScript for module 'Main'.
  │
  │ The runtime implementation of exported operator '<+>' could not be resolved.
  │
  │   infix 5 missingOperatorName as <+>
  │   ╰─────────────────────────────────
  •
