---
source: tests-integration/src/fixtures.rs
---
@export constructor Nothing/0

@export constructor Just/1

@export instance eqMaybe = \eqADict%0 -> { eq: \$maybe%1@(_) $maybe%2@(_) -> true }

@export instance eqListType = \eqADict%3 ->
  eqRec
    <trivial evidence>
    (eqRowCons
      (eqRowCons eqRowNil <trivial evidence> (symbol "tail") (eqMaybe (eqListType eqADict%3)))
      <trivial evidence>
      (symbol "head")
      eqInt)
