---
source: tests-integration/src/fixtures.rs
---
data Box :: Prim.Type
data Box
  | Box :: Main.Box

dictionary eqBox :: Data.Eq.Eq Main.Box where
  eq :: Main.Box -> Main.Box -> Prim.Boolean
  eq = \left right ->
    case left, right of
      Box, Box -> true

test :: Prim.Boolean
test = eq {eqBox} Box Box
