---
source: tests-integration/src/fixtures.rs
---
Terms
Left :: forall @a @b. a -> Main.Either a b
Right :: forall @a @b. b -> Main.Either a b
testBothLeft :: Prim.Int -> Main.Either Prim.Int Prim.String
testBothRight :: Prim.String -> Main.Either Prim.Int Prim.String
testLeftLeft :: forall t0. Prim.Int -> Main.Either Prim.Int t0
testLeftRight :: forall t0. t0 -> Main.Either t0 Prim.String
testRightLeft :: forall t0. t0 -> Main.Either Prim.Int t0
testRightRight :: forall t0. Prim.String -> Main.Either t0 Prim.String

Types
Either :: Prim.Type -> Prim.Type -> Prim.Type

Roles
Either = [Representational, Representational]
