---
source: tests-integration/src/fixtures.rs
---
References at Position { line: 2, character: 11 }

```
test = let life = 42 in [life, life]
--         %             %
```

file:///tests-integration/fixtures/lsp/1780119540_let_local/Main.purs @ 2:31..2:35
file:///tests-integration/fixtures/lsp/1780119540_let_local/Main.purs @ 2:25..2:29


References at Position { line: 2, character: 25 }

```
test = let life = 42 in [life, life]
--         %             %
```

file:///tests-integration/fixtures/lsp/1780119540_let_local/Main.purs @ 2:31..2:35
file:///tests-integration/fixtures/lsp/1780119540_let_local/Main.purs @ 2:25..2:29
