---
source: tests-integration/src/fixtures.rs
---
Terms
generatedIdentity :: forall t0. t0 -> t0
generatedConst :: forall t0 t1. t0 -> t1 -> t0
generatedApply :: forall t0 t1. (t0 -> t1) -> t0 -> t1
sourceIdentity :: forall value. value -> value
sourceConst :: forall first second. first -> second -> first
sourceNumeric :: forall t0 t1. t0 -> t1 -> t0
sourceShadowed :: forall value. value -> (forall value1. value1 -> value1) -> value
Proxy :: forall kind (@value :: kind). Main.Proxy @kind (value :: kind)

Types
Proxy :: forall kind. kind -> Prim.Type
GeneratedKind0 :: forall t0. t0 -> Prim.Type
GeneratedKind1 :: forall t0 t1. t0 -> t1 -> Prim.Type
GeneratedKind2 :: forall t0 t1 t2. t0 -> t1 -> t2 -> Prim.Type

Synonyms
type GeneratedKind0 = Main.Proxy @t0
type GeneratedKind1 value = Main.Proxy @t0
type GeneratedKind2 first second = Main.Proxy @t0

Roles
Proxy = [Phantom]
