---
source: tests-integration/src/fixtures.rs
---
data Function :: Prim.Type -> Prim.Type -> Prim.Type
data Function @a @b
  | Function :: (a -> b) -> Main.Function a b

data NestedRight :: forall k0. k0 -> Prim.Type -> Prim.Type
data NestedRight @a @b
  | NestedRight :: Main.Function Prim.Int b -> Main.NestedRight a b

dictionary profunctorFunction :: Data.Profunctor.Profunctor Main.Function where
  dimap :: forall a b c d. (a -> b) -> (c -> d) -> Main.Function b c -> Main.Function a d
  dimap = \firstFunction secondFunction value ->
    case value of
      (Function field0) -> Function \argument -> secondFunction (field0 (firstFunction argument))

dictionary profunctorNestedRightType :: Data.Profunctor.Profunctor (Main.NestedRight @Prim.Type)
  where
  dimap :: forall a b c d.
  (a -> b) -> (c -> d) -> Main.NestedRight @Prim.Type b c -> Main.NestedRight @Prim.Type a d
  dimap = \firstFunction secondFunction value ->
    case value of
      (NestedRight field0) -> NestedRight
        (dimap {profunctorFunction} (\unchanged -> unchanged) (\element -> secondFunction element)
          field0)
