---
source: tests-integration/src/fixtures.rs
---
Terms
Tuple :: forall @a @b. a -> b -> Main.Tuple a b
testBoth :: Prim.Int -> Prim.String -> Main.Tuple Prim.Int Prim.String
testLeft :: forall t0. Prim.Int -> t0 -> Main.Tuple Prim.Int t0
testRight :: forall t0. t0 -> Prim.String -> Main.Tuple t0 Prim.String

Types
Tuple :: Prim.Type -> Prim.Type -> Prim.Type

Roles
Tuple = [Representational, Representational]
