---
source: tests-integration/src/fixtures.rs
---
data Record :: Prim.Type -> Prim.Type
data Record @a
  | Record :: { alpha :: a, fixed :: Prim.Int, zeta :: a } -> Main.Record a

dictionary foldableRecord :: Data.Foldable.Foldable Main.Record where
  foldr :: forall a b. (a -> b -> b) -> b -> Main.Record a -> b
  foldr = \function accumulator value ->
    case value of
      (Record field0) -> function field0.alpha (function field0.zeta accumulator)
  foldl :: forall a b. (b -> a -> b) -> b -> Main.Record a -> b
  foldl = \function accumulator value ->
    case value of
      (Record field0) -> function (function accumulator field0.alpha) field0.zeta
  foldMap :: forall a m. Data.Monoid.Monoid m => (a -> m) -> Main.Record a -> m
  foldMap = \{monoidDict} ->
    \function value ->
      case value of
        (Record field0) -> append {monoidDict.semigroupDict} (function field0.alpha)
          (function field0.zeta)
