---
source: tests-integration/src/fixtures.rs
---
newtype Identity :: Prim.Type -> Prim.Type
newtype Identity @a
  | Identity :: a -> Main.Identity a

direct :: Main.Identity Prim.Int
direct = Identity 42

firstClass :: forall a. a -> Main.Identity a
firstClass = Identity

indirect :: Main.Identity Prim.Int
indirect = firstClass 43
