---
source: tests-integration/src/fixtures.rs
---
Terms
pure :: forall value. value -> Main.Effect value
map :: forall value result. (value -> result) -> Main.Effect value -> Main.Effect result
apply ::
  forall value result. Main.Effect (value -> result) -> Main.Effect value -> Main.Effect result
emptyAdo :: ?[empty ado block]
missingAdoAction :: forall (t0 :: Prim.Type -> Prim.Type) t1. (t0 :: Prim.Type -> Prim.Type) t1
missingAdoResult :: forall t0. Main.Effect t0
missingAdoActionBeforeValidAction :: Main.Effect Prim.Int

Types
Effect :: Prim.Type -> Prim.Type

Roles
Effect = [Nominal]
