---
source: tests-integration/src/fixtures.rs
assertion_line: 308
---
Error! · [CoercibleConstructorNotInScope] · Main.purs:7:14
  •
  │
  • Constructor not in scope for Coercible
  │
  │   coerceOpen = coerce
  │                ╰─────
  •

Error! · [NoInstanceFound] · Main.purs:7:14
  •
  │
  • No instance found for: Coercible @Type Int HiddenAge
  │
  │   coerceOpen = coerce
  │                ╰─────
  •
