---
source: tests-integration/src/fixtures.rs
---
Warning! · [UnparseableFFIModule] · Main.purs:3:1
  •
  │
  • Oxc could not parse the JavaScript FFI module. Fix the invalid or unsupported JavaScript syntax;
  │ Iris treated the module as opaque and skipped export-name validation: Missing initializer in
  │ const declaration
  │
  │   foreign import registerVersionProvider :: Int
  │   ╰────────────────────────────────────────────
  •

Warning! · [UnparseableFFIModule] · Main.purs:3:1
  •
  │
  • Oxc could not parse the JavaScript FFI module. Fix the invalid or unsupported JavaScript syntax;
  │ Iris treated the module as opaque and skipped export-name validation: Expected a semicolon or an
  │ implicit semicolon after a statement, but found none
  │
  │   foreign import registerVersionProvider :: Int
  │   ╰────────────────────────────────────────────
  •
