---
source: tests-integration/src/fixtures.rs
---
Warning! · [CustomWarning] · Main.purs:11:1
  •
  │
  • This function is deprecated
  │
  │   useWarnBasic :: Int
  │   ╰──────────────────
  •

Warning! · [CustomWarning] · Main.purs:17:1
  •
  │
  • Left Right
  │
  │   useWarnBeside :: Int
  │   ╰───────────────────
  •

Warning! · [CustomWarning] · Main.purs:23:1
  •
  │
  • Line 1
  │ Line 2
  │
  │   useWarnAbove :: Int
  │   ╰──────────────────
  •

Warning! · [CustomWarning] · Main.purs:29:1
  •
  │
  • Got type: Int
  │
  │   useWarnQuote :: Proxy Int
  │   ╰────────────────────────
  •

Warning! · [CustomWarning] · Main.purs:35:1
  •
  │
  • Label: myField
  │
  │   useWarnQuoteLabel :: Int
  │   ╰───────────────────────
  •

Warning! · [CustomWarning] · Main.purs:41:1
  •
  │
  • Label: "h e l l o"
  │
  │   useWarnQuoteLabelSpaces :: Int
  │   ╰─────────────────────────────
  •

Warning! · [CustomWarning] · Main.purs:47:1
  •
  │
  • Label: "hel\"lo"
  │
  │   useWarnQuoteLabelQuote :: Int
  │   ╰────────────────────────────
  •

Warning! · [CustomWarning] · Main.purs:53:1
  •
  │
  • Label: """raw\nstring"""
  │
  │   useWarnQuoteLabelRaw :: Int
  │   ╰──────────────────────────
  •
