---
source: tests-integration/src/fixtures.rs
---
Hover at Position { line: 6, character: 6 }

```
ref = life
--    $
```

Range: "life"

```purescript
life :: Int
```


Hover at Position { line: 17, character: 6 }

```
    [life, value]
--    $     $
```

Range: "life"

```purescript
Int
```


Hover at Position { line: 17, character: 12 }

```
    [life, value]
--    $     $
```

Range: "value"

```purescript
Int
```


Hover at Position { line: 22, character: 9 }

```
just :: Maybe Int
--       $
```

Range: "Maybe"

```purescript
Maybe :: Type -> Type
```


Hover at Position { line: 24, character: 8 }

```
just = Just 42
--      $
```

Range: "Just"

```purescript
Just :: forall @a. a -> Maybe a
```


Hover at Position { line: 27, character: 12 }

```
nothing :: Maybe Int
--          $
```

Range: "Maybe"

```purescript
Maybe :: Type -> Type
```


Hover at Position { line: 29, character: 11 }

```
nothing = Nothing
--         $
```

Range: "Nothing"

```purescript
Nothing :: forall @a. Maybe a
```


Hover at Position { line: 34, character: 3 }

```
  Just value -> 
-- $
```

Range: "Just"

```purescript
Just :: forall @a. a -> Maybe a
```


Hover at Position { line: 37, character: 3 }

```
  Nothing -> 
-- $
```

Range: "Nothing"

```purescript
Nothing :: forall @a. Maybe a
```
