---
source: tests-integration/src/fixtures.rs
---
Warning! · [MissingPatterns] · Main.purs:8:5
  •
  │
  • Pattern match is not exhaustive. Missing: Nothing
  │
  │       f :: Maybe Int -> Int
  │       ╰────────────────────
  •

Warning! · [MissingPatterns] · Main.purs:15:5
  •
  │
  • Pattern match is not exhaustive. Missing: Just _
  │
  │       g :: Maybe Int -> Int
  │       ╰────────────────────
  •
