---
source: tests-integration/src/fixtures.rs
assertion_line: 308
---
Error! · [FunctionalCodegen] · Main.purs:7:1
  •
  │
  • Cannot generate JavaScript for module 'Main'.
  │
  │ 'Iris.StyleX.Types.color' must be called directly with all of its arguments.
  │
  │ It cannot be passed around as a function or partially applied.
  │
  │   partialColor :: String -> TypedValue Color String
  │   ╰────────────────────────────────────────────────
  •
