---
source: tests-integration/src/fixtures.rs
---
Terms
empty ::
  forall (@f :: Prim.Type -> Prim.Type).
    Main.Empty (f :: Prim.Type -> Prim.Type) => (f :: Prim.Type -> Prim.Type) Prim.Int
Wrapper :: forall @a. Prim.Array a -> Main.Wrapper a

Types
Empty :: (Prim.Type -> Prim.Type) -> Prim.Constraint
Wrapper :: Prim.Type -> Prim.Type

Classes
class forall (f :: Prim.Type -> Prim.Type). Main.Empty (f :: Prim.Type -> Prim.Type)
  empty ::
  forall (@f :: Prim.Type -> Prim.Type).
    Main.Empty (f :: Prim.Type -> Prim.Type) => (f :: Prim.Type -> Prim.Type) Prim.Int

Instances
instance Main.Empty Prim.Array

Derived
derive Main.Empty Main.Wrapper

Roles
Wrapper = [Representational]
