---
source: tests-integration/src/fixtures.rs
---
Terms
test ::
  forall (m :: Prim.Type -> Prim.Type) a.
    Control.Monad.Rec.Class.MonadRec (m :: Prim.Type -> Prim.Type) =>
    a -> (m :: Prim.Type -> Prim.Type) a
test2 ::
  forall (m :: Prim.Type -> Prim.Type) a.
    Control.Monad.Rec.Class.MonadRec (m :: Prim.Type -> Prim.Type) =>
    (m :: Prim.Type -> Prim.Type) a -> (m :: Prim.Type -> Prim.Type) a
test3 ::
  forall (m :: Prim.Type -> Prim.Type).
    Control.Monad.Rec.Class.MonadRec (m :: Prim.Type -> Prim.Type) =>
    (m :: Prim.Type -> Prim.Type) Prim.Int -> (m :: Prim.Type -> Prim.Type) Prim.Int

Types
