---
source: tests-integration/src/fixtures.rs
---
Terms
force :: forall a. Main.Lazy a -> a
Tuple :: forall @a @b. a -> b -> Main.Tuple a b
Node ::
  forall t0 (@s :: t0) @a.
    Main.Lazy a ->
    Main.Lazy (Main.Supply @t0 (s :: t0) a) ->
    Main.Lazy (Main.Supply @t0 (s :: t0) a) ->
    Main.Supply @t0 (s :: t0) a

Types
Lazy :: Prim.Type -> Prim.Type
Tuple :: Prim.Type -> Prim.Type -> Prim.Type
Supply :: forall t0. t0 -> Prim.Type -> Prim.Type

Roles
Lazy = [Nominal]
Tuple = [Representational, Representational]
Supply = [Representational, Representational]
