---
source: tests-integration/src/fixtures.rs
---
useUnwrap :: forall t. Data.Newtype.Newtype t Lib.HiddenInt => t -> Lib.HiddenInt
useUnwrap = \{newtypeDict} -> unwrap {newtypeDict}

useCoerce :: forall t. Data.Newtype.Newtype t Lib.HiddenInt => t -> Lib.HiddenInt
useCoerce = \{newtypeDict} -> coerce {newtypeDict.coercibleDict}
