---
source: tests-integration/src/fixtures.rs
---
singleFieldUpdate :: forall t0 t1. { a :: t0 | t1 } -> { a :: Prim.Int | t1 }
singleFieldUpdate = \v9 -> v9 { a = 1 }

multipleFieldUpdate :: forall t0 t1 t2 t3.
  { a :: t0, b :: t1, c :: t2 | t3 } -> { a :: Prim.Int, b :: Prim.Boolean, c :: Prim.String | t3 }
multipleFieldUpdate = \v17 -> v17 { a = 2, b = true, c = "three" }

nestedRecordUpdate :: forall t0 t1 t2 t3.
  { a :: { b :: { c :: t0 | t1 } | t2 } | t3 } -> { a :: { b :: { c :: Prim.Int | t1 } | t2 } | t3 }
nestedRecordUpdate = \v29 -> v29 { a { b { c = 42 } } }

updateWithValueSection :: forall t0 t1. { a :: t0 | t1 } -> { a :: Prim.Int -> Prim.Int | t1 }
updateWithValueSection = \v41 -> v41 { a = \v46 -> add v46 1 }

updateWithSectionInteraction :: forall t0 t1 t2. { a :: t0 | t1 } -> t2 -> { a :: t2 | t1 }
updateWithSectionInteraction = \v54 v57 -> v54 { a = v57 }

polymorphicRecordUpdate :: forall t0 t1. { foo :: t0 | t1 } -> { foo :: Prim.Int | t1 }
polymorphicRecordUpdate = \v62 -> v62 { foo = 0 }

higherOrderContext :: forall t0 t1. Prim.Array { x :: t0 | t1 } -> Prim.Array { x :: Prim.Int | t1 }
higherOrderContext = map \v74 -> v74 { x = 10 }

multipleSectionsInteraction :: forall t0 t1 t2 t3 t4. { x :: t0, y :: t1 | t2 } -> t3 -> t4 -> { x :: t3, y :: t4 | t2 }
multipleSectionsInteraction = \v82 v85 v87 -> v82 { x = v85, y = v87 }

nestedSectionInteraction :: forall t0 t1 t2 t3. { a :: { b :: t0 | t1 } | t2 } -> t3 -> { a :: { b :: t3 | t1 } | t2 }
nestedSectionInteraction = \v92 v97 -> v92 { a { b = v97 } }

mixedSections :: forall t0 t1 t2. { a :: t0, b :: t1 | t2 } -> { a :: Prim.Int -> Prim.Int, b :: Prim.Int | t2 }
mixedSections = \v102 -> v102 { a = \v106 -> add v106 1, b = 2 }

recordAccessSectionUpdate :: forall t0 t1 t2 t3. { a :: t0 | t1 } -> { a :: { b :: t2 | t3 } -> t2 | t1 }
recordAccessSectionUpdate = \v116 -> v116 { a = \v120 -> v120.b }

concreteRecordUpdateSection :: forall t0. t0 -> { a :: t0 }
concreteRecordUpdateSection = \v132 -> { a: 1 } { a = v132 }

map :: forall a b. (a -> b) -> Prim.Array a -> Prim.Array b
map = \f -> \x -> []

add :: Prim.Int -> Prim.Int -> Prim.Int
add = \x -> \y -> x
