---
source: tests-integration/src/fixtures.rs
---
data Compose :: forall k0 k1. (k0 -> Prim.Type) -> (k1 -> k0) -> k1 -> Prim.Type
data Compose @f @g @a
  | Compose :: f (g a) -> Main.Compose f g a

dictionary functorComposeTypeType ::
  forall f g.
  { functorDict :: Data.Functor.Functor f } =>
  { functorDict1 :: Data.Functor.Functor g } =>
  Data.Functor.Functor (Main.Compose @Prim.Type @Prim.Type f g)
  where
  map :: forall a b.
  (a -> b) -> Main.Compose @Prim.Type @Prim.Type f g a -> Main.Compose @Prim.Type @Prim.Type f g b
  map = \function value ->
    case value of
      (Compose field0) -> Compose
        (map {functorDict} (\element -> map {functorDict1} (\element -> function element) element)
          field0)

dictionary foldableComposeTypeType ::
  forall f g.
  { foldableDict :: Data.Foldable.Foldable f } =>
  { foldableDict1 :: Data.Foldable.Foldable g } =>
  Data.Foldable.Foldable (Main.Compose @Prim.Type @Prim.Type f g)
  where
  foldr :: forall a b. (a -> b -> b) -> b -> Main.Compose @Prim.Type @Prim.Type f g a -> b
  foldr = \function accumulator value ->
    case value of
      (Compose field0) -> foldr {foldableDict}
        (\element accumulator ->
          foldr {foldableDict1} (\element accumulator -> function element accumulator) accumulator
            element)
        accumulator
        field0
  foldl :: forall a b. (b -> a -> b) -> b -> Main.Compose @Prim.Type @Prim.Type f g a -> b
  foldl = \function accumulator value ->
    case value of
      (Compose field0) -> foldl {foldableDict}
        (\accumulator element ->
          foldl {foldableDict1} (\accumulator element -> function accumulator element) accumulator
            element)
        accumulator
        field0
  foldMap :: forall a m. Data.Monoid.Monoid m => (a -> m) -> Main.Compose @Prim.Type @Prim.Type f g a -> m
  foldMap = \{monoidDict} ->
    \function value ->
      case value of
        (Compose field0) -> foldMap {foldableDict} {monoidDict}
          (\element -> foldMap {foldableDict1} {monoidDict} (\element -> function element) element)
          field0

dictionary traversableComposeTypeType ::
  forall f g.
  { traversableDict :: Data.Traversable.Traversable f } =>
  { traversableDict1 :: Data.Traversable.Traversable g } =>
  Data.Traversable.Traversable (Main.Compose @Prim.Type @Prim.Type f g)
  where
  superclass functorDict = functorComposeTypeType {traversableDict.functorDict} {traversableDict1.functorDict}
  superclass foldableDict = foldableComposeTypeType {traversableDict.foldableDict} {traversableDict1.foldableDict}
  traverse :: forall a b (m :: Prim.Type -> Prim.Type).
  Control.Applicative.Applicative m =>
  (a -> m b) ->
  Main.Compose @Prim.Type @Prim.Type f g a ->
  m (Main.Compose @Prim.Type @Prim.Type f g b)
  traverse = \{applicativeDict} ->
    \function value ->
      case value of
        (Compose field0) -> map {applicativeDict.applyDict.functorDict}
          (\field0Result -> Compose field0Result)
          (traverse {traversableDict} {applicativeDict}
            (\element ->
              traverse {traversableDict1} {applicativeDict} (\element -> function element) element)
            field0)
  sequence :: forall a (m :: Prim.Type -> Prim.Type).
  Control.Applicative.Applicative m =>
  Main.Compose @Prim.Type @Prim.Type f g (m a) -> m (Main.Compose @Prim.Type @Prim.Type f g a)
  sequence = \{applicativeDict} ->
    \value ->
      traverse {traversableComposeTypeType {traversableDict} {traversableDict1}} {applicativeDict}
        (\effect0 -> effect0)
        value
