---
source: tests-integration/src/fixtures.rs
---
foreign import boolean :: Prim.Boolean

deferred :: Prim.TypeError.Fail (Prim.TypeError.Text "first deferred error") =>
Prim.TypeError.Fail (Prim.TypeError.Text "second deferred error") =>
Prim.Boolean
deferred = \{failDict} -> \{failDict1} -> boolean
