---
source: tests-integration/src/fixtures.rs
---
Hover at Position { line: 4, character: 11 }

```
variable = life
--         $
```

Range: "life"

```purescript
life :: Int
```


Hover at Position { line: 9, character: 7 }

```
just = Just
--     $
```

Range: "Just"

```purescript
Just :: forall @a. a -> Maybe a
```


Hover at Position { line: 12, character: 10 }

```
nothing = Nothing
--        $
```

Range: "Nothing"

```purescript
Nothing :: forall @a. Maybe a
```
