---
source: tests-integration/src/fixtures.rs
---
Terms
eq :: forall @a. Main.Eq a => a -> a -> Prim.Boolean
test :: Prim.Boolean
test2 :: Prim.Boolean
test3 :: forall t0. Main.Eq t0 => t0 -> t0 -> Prim.Boolean

Types
Eq :: Prim.Type -> Prim.Constraint

Classes
class forall (a :: Prim.Type). Main.Eq a
  eq :: forall @a. Main.Eq a => a -> a -> Prim.Boolean

Instances
instance Main.Eq Prim.Int
instance forall a. Main.Eq a => Main.Eq (Prim.Array a)
