---
source: tests-integration/src/fixtures.rs
---
Terms
eq :: forall @a. Main.Eq a => a -> a -> Prim.Boolean
compare :: forall @a. Main.Ord a => a -> a -> Prim.Int
test :: forall t0. Main.Ord t0 => t0 -> Prim.Int

Types
Eq :: Prim.Type -> Prim.Constraint
Ord :: Prim.Type -> Prim.Constraint

Classes
class forall (a :: Prim.Type). Main.Eq a
  eq :: forall @a. Main.Eq a => a -> a -> Prim.Boolean
class forall (a :: Prim.Type). Main.Eq a <= Main.Ord a
  compare :: forall @a. Main.Ord a => a -> a -> Prim.Int
