---
source: tests-integration/src/fixtures.rs
---
Completion at Position { line: 2, character: 9 }

```
test1 = +
--       ^
```

╭─────────┬─────────────────┬─────────────────────┬─────────────┬───────────────┬──────────────────────────────────────┬─────────────┬─────────────────────────╮
│  label  │  label_detail   │  label_description  │  sort_text  │  filter_text  │  detail                              │  text_edit  │  additional_text_edits  │
├─────────┼─────────────────┼─────────────────────┼─────────────┼───────────────┼──────────────────────────────────────┼─────────────┼─────────────────────────┤
│  +      │   (import Lib)  │  Lib                │  Lib.+      │  +            │  + :: forall t0 t1. t0 -> t1 -> Int  │  2:8..2:9   │  1:0..1:0               │
│         │                 │                     │             │               │                                      │  +          │                         │
│         │                 │                     │             │               │                                      │             │  import Lib ((+))       │
╰─────────┴─────────────────┴─────────────────────┴─────────────┴───────────────┴──────────────────────────────────────┴─────────────┴─────────────────────────╯


Completion at Position { line: 5, character: 10 }

```
test2 = (+)
--        ^
```

╭─────────┬─────────────────┬─────────────────────┬─────────────┬───────────────┬──────────────────────────────────────┬─────────────┬─────────────────────────╮
│  label  │  label_detail   │  label_description  │  sort_text  │  filter_text  │  detail                              │  text_edit  │  additional_text_edits  │
├─────────┼─────────────────┼─────────────────────┼─────────────┼───────────────┼──────────────────────────────────────┼─────────────┼─────────────────────────┤
│  +      │   (import Lib)  │  Lib                │  Lib.+      │  +            │  + :: forall t0 t1. t0 -> t1 -> Int  │  5:9..5:10  │  1:0..1:0               │
│         │                 │                     │             │               │                                      │  +          │                         │
│         │                 │                     │             │               │                                      │             │  import Lib ((+))       │
╰─────────┴─────────────────┴─────────────────────┴─────────────┴───────────────┴──────────────────────────────────────┴─────────────┴─────────────────────────╯


Completion at Position { line: 8, character: 9 }

```
test3 = >
--       ^
```

╭─────────┬─────────────────┬─────────────────────┬─────────────┬───────────────┬────────────────────────────────────────┬─────────────┬─────────────────────────╮
│  label  │  label_detail   │  label_description  │  sort_text  │  filter_text  │  detail                                │  text_edit  │  additional_text_edits  │
├─────────┼─────────────────┼─────────────────────┼─────────────┼───────────────┼────────────────────────────────────────┼─────────────┼─────────────────────────┤
│  >>=    │   (import Lib)  │  Lib                │  Lib.>>=    │  >>=          │  >>= :: forall t0 t1. t0 -> t1 -> Int  │  8:8..8:9   │  1:0..1:0               │
│         │                 │                     │             │               │                                        │  >>=        │                         │
│         │                 │                     │             │               │                                        │             │  import Lib ((>>=))     │
╰─────────┴─────────────────┴─────────────────────┴─────────────┴───────────────┴────────────────────────────────────────┴─────────────┴─────────────────────────╯


Completion at Position { line: 11, character: 10 }

```
test4 = (>)
--        ^
```

╭─────────┬─────────────────┬─────────────────────┬─────────────┬───────────────┬────────────────────────────────────────┬───────────────┬─────────────────────────╮
│  label  │  label_detail   │  label_description  │  sort_text  │  filter_text  │  detail                                │  text_edit    │  additional_text_edits  │
├─────────┼─────────────────┼─────────────────────┼─────────────┼───────────────┼────────────────────────────────────────┼───────────────┼─────────────────────────┤
│  >>=    │   (import Lib)  │  Lib                │  Lib.>>=    │  >>=          │  >>= :: forall t0 t1. t0 -> t1 -> Int  │  11:9..11:10  │  1:0..1:0               │
│         │                 │                     │             │               │                                        │  >>=          │                         │
│         │                 │                     │             │               │                                        │               │  import Lib ((>>=))     │
╰─────────┴─────────────────┴─────────────────────┴─────────────┴───────────────┴────────────────────────────────────────┴───────────────┴─────────────────────────╯
