---
source: tests-integration/src/fixtures.rs
---
Terms
map ::
  forall (@f :: Prim.Type -> Prim.Type).
    Main.Functor (f :: Prim.Type -> Prim.Type) =>
    (forall a b. (a -> b) -> (f :: Prim.Type -> Prim.Type) a -> (f :: Prim.Type -> Prim.Type) b)
Box :: forall @a. a -> Main.Box a

Types
Functor :: (Prim.Type -> Prim.Type) -> Prim.Constraint
Box :: Prim.Type -> Prim.Type

Classes
class forall (f :: Prim.Type -> Prim.Type). Main.Functor (f :: Prim.Type -> Prim.Type)
  map ::
  forall (@f :: Prim.Type -> Prim.Type).
    Main.Functor (f :: Prim.Type -> Prim.Type) =>
    (forall a b. (a -> b) -> (f :: Prim.Type -> Prim.Type) a -> (f :: Prim.Type -> Prim.Type) b)

Instances
instance Main.Functor Main.Box

Roles
Box = [Representational]
