---
source: tests-integration/src/fixtures.rs
---
SemanticTokens

0:0..6 keyword "module"
0:7..11 namespace "Main"
0:13..16 type "Box"
0:16..20 operator "(..)"
0:22..27 keyword "class"
0:28..34 class "Render"
0:36..41 function "value"
0:43..48 operator "(<+>)"
0:50..54 keyword "type"
0:55..60 operator "(:*:)"
0:62..67 keyword "where"
2:0..6 keyword "import"
2:7..14 namespace "Library"
2:16..22 type "Source"
2:22..26 operator "(..)"
2:28..33 keyword "class"
2:34..45 class "SourceClass"
2:47..53 function "source"
2:55..61 operator "(<++>)"
2:63..67 keyword "type"
2:68..74 operator "(:++:)"
2:76..78 keyword "as"
2:79..86 namespace "Library"
4:0..4 keyword "type"
4:5..9 keyword "role"
4:10..13 type [declaration] "Box"
4:14..30 keyword "representational"
5:0..4 keyword "data"
5:5..8 type [declaration] "Box"
5:9..16 typeParameter [declaration] "phantom"
5:19..22 enumMember [declaration] "Box"
5:23..30 typeParameter "phantom"
7:0..5 keyword "class"
7:6..12 class [declaration] "Render"
7:13..14 typeParameter [declaration] "a"
7:15..20 keyword "where"
8:2..8 method [declaration] "render"
8:12..13 typeParameter "a"
8:17..23 type "String"
10:0..8 keyword "instance"
10:9..18 variable "renderBox"
10:22..28 class "Render"
10:30..33 type "Box"
10:34..35 typeParameter "a"
10:37..42 keyword "where"
11:2..8 method [declaration] "render"
11:9..12 parameter [declaration] "box"
11:15..20 string "\"box\""
13:0..5 function [declaration] "value"
13:9..12 type "Box"
13:13..16 type "Int"
14:0..5 function [declaration] "value"
14:8..11 enumMember "Box"
14:12..14 number "42"
16:0..6 function [declaration] "append"
16:7..11 parameter [declaration] "left"
16:12..17 parameter [declaration] "right"
16:20..24 variable "left"
17:0..6 keyword "infixr"
17:7..8 number "5"
17:9..15 variable "append"
17:16..18 keyword "as"
17:19..22 operator "<+>"
19:0..4 keyword "type"
19:5..12 type [declaration] "Product"
19:13..17 typeParameter [declaration] "left"
19:18..23 typeParameter [declaration] "right"
19:26..29 type "Box"
19:30..34 typeParameter "left"
20:0..6 keyword "infixr"
20:7..8 number "6"
20:9..13 keyword "type"
20:14..21 type "Product"
20:22..24 keyword "as"
20:25..28 operator ":*:"
