---
source: tests-integration/src/fixtures.rs
---
@export instance parentInt = {  }

@export instance childInt = \parentIntDict%0 -> { "Parent0": \() -> parentIntDict%0 }

@export foreign useParent

@export foreign useChild

@export instanceEvidence = useChild (childInt parentInt) 1

@export superclassEvidence = \childValueDict%1 -> useParent (childValueDict%1."Parent0"())
