---
source: tests-integration/src/fixtures.rs
---
@export constructor Unit/0

@export constructor Token/0

@export constructor Effect/1

@export constructor Proxy/0

@export constructor Map/0

@export identity = \value%0 -> value%0

@export modify = \token%1 -> token%1

@export foreign consumeIdentity

@export foreign discardValue

@export foreign leak

@export foreign mutate

@export foreign mutateConstrained

@export foreign poke

@export foreign pokeReturningToken

@export foreign pokeConstrained

@export foreign pokeWithoutWitness

@export foreign mutateMap

@export foreign pokeMap

@export validRankTwoCallback = \callback%2 -> consumeIdentity callback%2

@export validDirectPolymorphicExpression = consumeIdentity identity

@export validDiscardedHigherRankResult = mutate poke

@export validDiscardedScopedHigherRankResult = mutate pokeReturningToken

@export validDiscardedConstrainedHigherRankResult = mutateConstrained
  (\witnessScopeDict%3 -> pokeConstrained witnessScopeDict%3)

@export validConstrainedTypeErasingCallback = \witnessKeyDict%4 ->
  \key%5 value%6 -> mutateMap witnessKeyDict%4 (pokeMap witnessKeyDict%4 key%5 value%6)

@export escapedResult = leak modify

@export escapedBinder = \callback%7 -> consumeIdentity callback%7

@export escapedNestedUse = identity (leak modify)

@export escapedDiscardedOuterArgument = \$argument0%8@(_) -> leak modify

@export escapedDiscardedArgument = discardValue (leak modify)

@export escapedEvidenceOnly = \escapingEvidenceScopeDict%9 ->
  leak (pokeWithoutWitness escapingEvidenceScopeDict%9)
