---
source: tests-integration/src/fixtures.rs
---
@export instance newtypeIdentifierInt = { "Coercible0": \() -> <trivial evidence> }

@export wrapped = 42

@export unwrapped = unwrap newtypeIdentifierInt wrapped

@export constructor Empty/0

@export constructor Single/1

@export constructor Pair/2

@export instance genericChoiceSumConstructorNoArgumentsSumConstructorArgumentIntConstructorProductArgumentIntArgumentInt = {
  to:
    \representation%0 ->
      case representation%0 of
        Inl NoArguments ->
          "Empty"
        Inr (Inl field0%1) ->
          { tag: "Single", _1: field0%1 }
        Inr (Inr (Product field0%2 field1%3)) ->
          { tag: "Pair", _1: field0%2, _2: field1%3 },
  from:
    \value%4 ->
      case value%4 of
        Empty ->
          { tag: "Inl", _1: "NoArguments" }
        Single field0%5 ->
          { tag: "Inr", _1: { tag: "Inl", _1: field0%5 } }
        Pair field0%6 field1%7 ->
          { tag: "Inr", _1: { tag: "Inr", _1: { tag: "Product", _1: field0%6, _2: field1%7 } } }
}

@export roundTrip = \value%8 ->
  to
    genericChoiceSumConstructorNoArgumentsSumConstructorArgumentIntConstructorProductArgumentIntArgumentInt
    (from
      genericChoiceSumConstructorNoArgumentsSumConstructorArgumentIntConstructorProductArgumentIntArgumentInt
      value%8)

@export emptyRoundTrip = roundTrip "Empty"

@export singleRoundTrip = roundTrip { tag: "Single", _1: 6 }

@export pairRoundTrip = roundTrip { tag: "Pair", _1: 7, _2: 8 }

@export instance genericVoidNoConstructors = {
  to:
    \value%9 ->
      case value%9 of
        _ ->
          to genericVoidNoConstructors value%9,
  from:
    \value%10 ->
      case value%10 of
        _ ->
          from genericVoidNoConstructors value%10
}
