---
source: tests-integration/src/fixtures.rs
---
Completion at Position { line: 4, character: 9 }

```
value = r
--       ^
```

╭───────────────┬───────────────────────────────┬─────────────────────┬────────────────────────────────┬───────────────┬─────────────────────────────────────────────────────────────────────────────┬───────────────┬─────────────────────────────────────────╮
│  label        │  label_detail                 │  label_description  │  sort_text                     │  filter_text  │  detail                                                                     │  text_edit    │  additional_text_edits                  │
├───────────────┼───────────────────────────────┼─────────────────────┼────────────────────────────────┼───────────────┼─────────────────────────────────────────────────────────────────────────────┼───────────────┼─────────────────────────────────────────┤
│  recordProps  │   (import Iris.StyleX)        │  Iris.StyleX        │  Iris.StyleX.recordProps       │  recordProps  │  recordProps ::                                                             │  4:8..4:9     │  3:0..3:0                               │
│               │                               │                     │                                │               │    forall (input :: Row Type) (output :: Row Type).                         │  recordProps  │  import Iris.StyleX (recordProps)       │
│               │                               │                     │                                │               │      CompileProps (input :: Row Type) (output :: Row Type) =>               │               │                                         │
│               │                               │                     │                                │               │      {| (input :: Row Type) } -> {| (output :: Row Type) }                  │               │                                         │
├───────────────┼───────────────────────────────┼─────────────────────┼────────────────────────────────┼───────────────┼─────────────────────────────────────────────────────────────────────────────┼───────────────┼─────────────────────────────────────────┤
│  recordAttrs  │   (import Iris.StyleX)        │  Iris.StyleX        │  Iris.StyleX.recordAttrs       │  recordAttrs  │  recordAttrs ::                                                             │  4:8..4:9     │  3:0..3:0                               │
│               │                               │                     │                                │               │    forall (input :: Row Type) (output :: Row Type).                         │  recordAttrs  │  import Iris.StyleX (recordAttrs)       │
│               │                               │                     │                                │               │      CompileAttrs (input :: Row Type) (output :: Row Type) =>               │               │                                         │
│               │                               │                     │                                │               │      {| (input :: Row Type) } -> {| (output :: Row Type) }                  │               │                                         │
├───────────────┼───────────────────────────────┼─────────────────────┼────────────────────────────────┼───────────────┼─────────────────────────────────────────────────────────────────────────────┼───────────────┼─────────────────────────────────────────┤
│  resolution   │   (import Iris.StyleX.Types)  │  Iris.StyleX.Types  │  Iris.StyleX.Types.resolution  │  resolution   │  resolution ::                                                              │  4:8..4:9     │  3:0..3:0                               │
│               │                               │                     │                                │               │    forall value. StringValue value => value -> TypedValue Resolution value  │  resolution   │  import Iris.StyleX.Types (resolution)  │
├───────────────┼───────────────────────────────┼─────────────────────┼────────────────────────────────┼───────────────┼─────────────────────────────────────────────────────────────────────────────┼───────────────┼─────────────────────────────────────────┤
│  ref          │   (import Lib)                │  Lib                │  Lib.ref                       │  ref          │  ref :: Int                                                                 │  4:8..4:9     │  2:0..2:17                              │
│               │                               │                     │                                │               │                                                                             │  ref          │  import Lib (life, ref)                 │
╰───────────────┴───────────────────────────────┴─────────────────────┴────────────────────────────────┴───────────────┴─────────────────────────────────────────────────────────────────────────────┴───────────────┴─────────────────────────────────────────╯
