---
source: tests-integration/src/fixtures.rs
---
useLacksEmpty :: forall t0 name. Prim.Row.Lacks @t0 name () => Type.Proxy.Proxy @Prim.Symbol name -> Prim.Int
useLacksEmpty = \{lacksDict} -> \_ -> 0

forwardLacksEmpty :: forall name. Type.Proxy.Proxy @Prim.Symbol name -> Prim.Int
forwardLacksEmpty = \p -> useLacksEmpty {trivial} p
