---
source: tests-integration/src/fixtures.rs
---
unresolvedMap :: forall t0 t1. t0 t1
unresolvedMap = <error> (\value -> value) 1

unresolvedApply :: forall t0 t1. t0 t1
unresolvedApply = <error> (<error> (\first second -> first) 1) 2

unresolvedPure :: forall t0. t0 Prim.Int
unresolvedPure = <error> 1
