---
source: tests-integration/src/fixtures.rs
---
Terms
unresolvedMap :: forall (t0 :: Prim.Type -> Prim.Type) t1. (t0 :: Prim.Type -> Prim.Type) t1
unresolvedApply :: forall (t0 :: Prim.Type -> Prim.Type) t1. (t0 :: Prim.Type -> Prim.Type) t1
unresolvedPure :: forall (t0 :: Prim.Type -> Prim.Type). (t0 :: Prim.Type -> Prim.Type) Prim.Int

Types
