---
source: tests-integration/src/fixtures.rs
---
Error! · [PartialSynonymApplication] · Main.purs:13:12
  •
  │
  • Partial type synonym application
  │
  │   type Bad = ReaderT Int
  │              ╰──────────
  •

Error! · [CannotUnify] · Main.purs:13:12
  •
  │
  • Cannot unify 'Type' with '?[invalid kind]'
  │
  │   type Bad = ReaderT Int
  │              ╰──────────
  •
