---
source: tests-integration/src/fixtures.rs
---
interface Eq :: Prim.Type -> Prim.Constraint
interface Eq a where
  show :: a -> Prim.String

interface First :: Prim.Type -> Prim.Constraint
interface First a where
  interleaved :: forall b. Main.Second b => a -> b

interface Second :: Prim.Type -> Prim.Constraint
interface Second b where

record :: { show :: forall a. Main.Eq a => a -> Prim.String }
record = { show: \{eqDict} -> show {eqDict} }

interleavedRecord :: { interleaved :: forall a. Main.First a => (forall b. Main.Second b => a -> b) }
interleavedRecord =
  { interleaved: \{firstDict} -> \{secondDict} -> interleaved {firstDict} {secondDict} }
