---
source: tests-integration/src/fixtures.rs
---
@export instance imported = {  }

@export instance classString1 = {  }

@export instance local = {  }

@export foreign dictionary

@export foreign classString

@export test = imported

@export shadow = \local%0 -> local%0

@export record = { local: dictionary }
