---
source: tests-integration/src/fixtures.rs
---
Hover at Position { line: 2, character: 12 }

```
type Life = 42
--          $
```

Range: <none>

```purescript
Int
```


Hover at Position { line: 5, character: 13 }

```
type Hello = "World"
--           $
```

Range: <none>

```purescript
Symbol
```
