---
source: tests-integration/src/fixtures.rs
---
@export equal = \dictionary%0 -> dictionary%0.equal

@export lessThan = \dictionary%1 -> dictionary%1.lessThan

@export foreign equalInt

@export foreign lessThanInt

@export instance equalInt1 = { equal: equalInt }

@export instance orderedInt = { "Equal0": \() -> equalInt1, lessThan: lessThanInt }

@export genericEqual = \equalADict%2 -> \left%3 right%4 -> equal equalADict%2 left%3 right%4

@export concreteEqual = equal equalInt1 1 2

@export concreteLessThan = lessThan orderedInt 1 2

@export superclassEqual = \orderedADict%5 ->
  \left%6 right%7 -> equal (orderedADict%5."Equal0"()) left%6 right%7
