---
source: tests-integration/src/fixtures.rs
---
Terms
fn0 :: forall a b. Main.ConstFn a b
fn1 :: forall a b. Main.ConstFn a b
fn2 :: forall a b. Main.ConstFn a b
fn3 :: forall a b. Main.ConstFn a b
fn4 :: forall b a. a -> Main.Fn b a
fn5 :: forall b a. a -> Main.Fn b a

Types
Fn :: Prim.Type -> Prim.Type -> Prim.Type
ConstFn :: Prim.Type -> Prim.Type -> Prim.Type

Synonyms
type Fn b a = b -> a
type ConstFn a b = a -> Main.Fn b a
