---
source: tests-integration/src/fixtures.rs
---
data Proxy :: forall kind. kind -> Prim.Type
data Proxy @value
  | Proxy :: Main.Proxy value

interface Dependent :: forall kind. kind -> Prim.Constraint
interface Dependent value where
  dependent :: Main.Proxy @kind value

dictionary dependent1 :: forall kind value. Main.Dependent @kind value where
  dependent :: Main.Proxy @kind value
  dependent = Proxy
