---
source: tests-integration/src/fixtures.rs
---
Terms
fetch ::
  forall (m :: Prim.Type -> Prim.Type).
    Main.Capability (m :: Prim.Type -> Prim.Type) =>
    Prim.Int -> (m :: Prim.Type -> Prim.Type) Prim.Int
test :: Main.Setup

Types
Capability :: (Prim.Type -> Prim.Type) -> Prim.Constraint
Setup :: Prim.Type

Synonyms
type Setup = { fetch ::
    forall (m :: Prim.Type -> Prim.Type).
      Main.Capability (m :: Prim.Type -> Prim.Type) =>
      Prim.Int -> (m :: Prim.Type -> Prim.Type) Prim.Int
}

Classes
class forall (m :: Prim.Type -> Prim.Type). Main.Capability (m :: Prim.Type -> Prim.Type)
