---
source: tests-integration/src/fixtures.rs
---
Terms
PredicateWithFormatter ::
  forall @a. (a -> Prim.Boolean) -> (Prim.Int -> Prim.String) -> Main.PredicateWithFormatter a

Types
PredicateWithFormatter :: Prim.Type -> Prim.Type

Derived
derive Data.Functor.Contravariant.Contravariant Main.PredicateWithFormatter

Roles
PredicateWithFormatter = [Representational]
