---
source: tests-integration/src/fixtures.rs
---
Error! · [CannotUnify] · Main.purs:17:1
  •
  │
  • Cannot unify 'String' with 'Int'
  │
  │   forceSolve =
  │   ╰───────────
  •

Error! · [CannotUnify] · Main.purs:17:1
  •
  │
  • Cannot unify '( a :: String )' with '( a :: Int )'
  │
  │   forceSolve =
  │   ╰───────────
  •
