---
source: tests-integration/src/fixtures.rs
---
@export unwrapCompany = coerce <trivial evidence>

@export fullyUnwrap = coerce <trivial evidence>

@export fullyWrap = coerce <trivial evidence>

@export unwrapPerson = coerce <trivial evidence>

@export nestedFieldCoerce = coerce <trivial evidence>

@export arrayOfRecords = coerce <trivial evidence>
