---
source: tests-integration/src/fixtures.rs
---
Error! · [CannotUnify] · Main.purs:6:27
  •
  │
  • Cannot unify 'Type' with 'Type -> Type'
  │
  │   derive instance Bifunctor (Triple Int String)
  │                             ╰──────────────────
  •

Error! · [CannotDeriveForType] · Main.purs:6:1
  •
  │
  • Cannot derive for type: Triple Int String
  │
  │   derive instance Bifunctor (Triple Int String)
  │   ╰────────────────────────────────────────────
  •

Error! · [FunctionalCodegen] · Main.purs:1:1
  •
  │
  • Cannot generate JavaScript for module 'Main'.
  │
  │ The checked representation of an instance declaration is unavailable.
  │
  │   module Main where
  │   ╰────────────────
  •
