---
source: tests-integration/src/fixtures.rs
---
Terms
Triple :: forall @a @b @c. a -> b -> c -> Main.Triple a b c

Types
Triple :: Prim.Type -> Prim.Type -> Prim.Type -> Prim.Type

Derived
derive Data.Bifunctor.Bifunctor (Main.Triple Prim.Int Prim.String)

Roles
Triple = [Representational, Representational, Representational]
