---
source: tests-integration/src/fixtures.rs
---
Terms
convert :: forall @a @b. Main.Convert a b => a -> b

Types
Convert :: Prim.Type -> Prim.Type -> Prim.Constraint

Classes
class forall (a :: Prim.Type) (b :: Prim.Type). Main.Convert a b
  convert :: forall @a @b. Main.Convert a b => a -> b

Instances
instance Main.Convert Prim.String Prim.Int
instance Main.Convert Prim.String Prim.Boolean
