---
source: tests-integration/src/fixtures.rs
---
@export constructor Box/1

@export liftApplicative = \applicativeFunctorDict%0 ->
  \function%1 value%2 ->
    apply (applicativeFunctorDict%0."Apply0"()) (pure applicativeFunctorDict%0 function%1) value%2

@export applyMonad = \monadMonadDict%3 ->
  \functions%4 values%6 ->
    bind (monadMonadDict%3."Bind1"()) functions%4
      (\function%5 ->
        bind (monadMonadDict%3."Bind1"()) values%6
          (\value%7 -> pure (monadMonadDict%3."Applicative0"()) (function%5 value%7)))

@export instance functorBox = { map: liftApplicative applicativeBox }

@export instance applyBox = { "Functor0": \() -> functorBox, apply: applyMonad monadBox }

@export instance applicativeBox = { "Apply0": \() -> applyBox, pure: Box }

@export instance bindBox = {
  "Apply0": \() -> applyBox,
  bind: \$box%10@(Box value%9) continuation%8 -> continuation%8 value%9
}

@export instance monadBox = { "Applicative0": \() -> applicativeBox, "Bind1": \() -> bindBox }

@export result = case map functorBox (\value%11 -> value%11) { tag: "Box", _1: 42 } of
  Box value%12 ->
    value%12
