---
source: tests-integration/src/fixtures.rs
---
@export needsAdd = \addXDict%0 -> "Proxy"

@export instance isIntTypeInt = {  }

@export needsInt = \isIntValueDict%1 -> "Proxy"

@export nonHeadGivenImprovement = \unionRowRowRowDict%2 -> needsAdd <trivial evidence>

@export functionGivenImprovement = \unionRowRowRowDict%3 -> needsInt isIntTypeInt

@export forceSolve = {
  nonHeadGivenImprovement: nonHeadGivenImprovement <trivial evidence>,
  functionGivenImprovement: functionGivenImprovement <trivial evidence>
}
