---
source: tests-integration/src/fixtures.rs
---
data Const :: forall k0. Prim.Type -> k0 -> Prim.Type
data Const @e @a
  | Const :: e -> Main.Const e a

dictionary functorConstType :: forall e. Data.Functor.Functor (Main.Const @Prim.Type e) where
  map :: forall a b. (a -> b) -> Main.Const @Prim.Type e a -> Main.Const @Prim.Type e b
  map = \function value ->
    case value of
      (Const field0) -> Const field0

dictionary foldableConstType :: forall e. Data.Foldable.Foldable (Main.Const @Prim.Type e) where
  foldr :: forall a b. (a -> b -> b) -> b -> Main.Const @Prim.Type e a -> b
  foldr = \function accumulator value ->
    case value of
      (Const field0) -> accumulator
  foldl :: forall a b. (b -> a -> b) -> b -> Main.Const @Prim.Type e a -> b
  foldl = \function accumulator value ->
    case value of
      (Const field0) -> accumulator
  foldMap :: forall a m. Data.Monoid.Monoid m => (a -> m) -> Main.Const @Prim.Type e a -> m
  foldMap = \{monoidDict} ->
    \function value ->
      case value of
        (Const field0) -> mempty {monoidDict}

dictionary traversableConstType :: forall e. Data.Traversable.Traversable (Main.Const @Prim.Type e)
  where
  superclass functorDict = functorConstType
  superclass foldableDict = foldableConstType
  traverse :: forall a b (m :: Prim.Type -> Prim.Type).
  Control.Applicative.Applicative m =>
  (a -> m b) -> Main.Const @Prim.Type e a -> m (Main.Const @Prim.Type e b)
  traverse = \{applicativeDict} ->
    \function value ->
      case value of
        (Const field0) -> pure {applicativeDict} (Const field0)
  sequence :: forall a (m :: Prim.Type -> Prim.Type).
  Control.Applicative.Applicative m =>
  Main.Const @Prim.Type e (m a) -> m (Main.Const @Prim.Type e a)
  sequence = \{applicativeDict} ->
    \value -> traverse {traversableConstType} {applicativeDict} (\effect0 -> effect0) value
