---
source: tests-integration/src/fixtures.rs
---
Error! · [FunctionalCodegen] · Main.purs:5:1
  •
  │
  • Cannot generate JavaScript for module 'Main'.
  │
  │ 'Iris.StyleX.ancestor' must be used directly in a conditionalValue case array.
  │
  │   escaped = When.ancestor ":hover" "red"
  │   ╰─────────────────────────────────────
  •
