---
source: tests-integration/src/fixtures.rs
---
Terms
apply :: forall @a. Main.Example a => (forall b. Main.Required b => a -> b -> Prim.Boolean)
implementation :: forall a b. Main.Required b => a -> b -> Prim.Boolean
boolean :: Prim.Boolean

Types
Required :: Prim.Type -> Prim.Constraint
Example :: Prim.Type -> Prim.Constraint

Classes
class forall (value :: Prim.Type). Main.Required value
class forall (a :: Prim.Type). Main.Example a
  apply :: forall @a. Main.Example a => (forall b. Main.Required b => a -> b -> Prim.Boolean)

Instances
instance Main.Example Prim.Int
