---
source: tests-integration/src/fixtures.rs
---
@export constructor Nested/1

@export instance contravariantNestedType = \contravariantFDict%0 ->
  {
    cmap:
      \function%1 value%2 ->
        case value%2 of
          Nested field0%3 ->
            {
              tag: "Nested",
              _1: cmap contravariantFDict%0 (\element%4 -> function%1 element%4) field0%3
            }
  }
