---
source: tests-integration/src/fixtures.rs
---
Error! · [CannotDeriveForType] · Main.purs:8:1
  •
  │
  • Cannot derive for type: Opaque (t0 -> Int)
  │
  │   derive instance Contravariant Wrapped
  │   ╰────────────────────────────────────
  •

Error! · [FunctionalCodegen] · Main.purs:1:1
  •
  │
  • Cannot generate JavaScript for module 'Main'.
  │
  │ The checked representation of an instance declaration is unavailable.
  │
  │   module Main where
  │   ╰────────────────
  •
