---
source: tests-integration/src/fixtures.rs
---
References at Position { line: 3, character: 3 }

```
  eqEqEqEq :: a -> a -> Boolean
-- % @ $
```

file:///tests-integration/fixtures/lsp/1758309900_locate_class_member/Main.purs @ 6:7..6:15


GotoDefinition at Position { line: 3, character: 5 }

```
  eqEqEqEq :: a -> a -> Boolean
-- % @ $
```

file:///tests-integration/fixtures/lsp/1758309900_locate_class_member/Main.purs @ 3:2..3:31


Hover at Position { line: 3, character: 7 }

```
  eqEqEqEq :: a -> a -> Boolean
-- % @ $
```

Range: <none>

```purescript
eqEqEqEq :: forall @a. Eq a => a -> a -> Boolean
```
