---
source: tests-integration/src/fixtures.rs
---
module WrongImport

Unqualified Imports:

Terms:

Types:
  - A is Explicit

Classes:

Qualified Imports:

Exported Terms:

Exported Types:

Exported Classes:

Local Terms:

Local Types:

Local Classes:

Class Members:

Diagnostics
Error! · [InvalidImportItem] · WrongImport.purs:3:17
  •
  │
  • Cannot import item 'A(B)'
  │
  │   import Library (A(B))
  │                   ╰───
  •
