---
source: tests-integration/src/fixtures.rs
---
newtype Mu :: (Prim.Type -> Prim.Type) -> Prim.Type
newtype Mu @f
  | In :: f (Main.Mu f) -> Main.Mu f

dictionary eqMu :: forall f. { eq1Dict :: Data.Eq.Eq1 f } => Data.Eq.Eq (Main.Mu f) where
  eq :: Main.Mu f -> Main.Mu f -> Prim.Boolean
  eq = \left right ->
    case left, right of
      (In left0), (In right0) ->
        if eq1 {eq1Dict} {eqMu {eq1Dict}} left0 right0 then true else false

dictionary ordMu :: forall f. { ord1Dict :: Data.Ord.Ord1 f } => Data.Ord.Ord (Main.Mu f) where
  superclass eqDict = eqMu {ord1Dict.eq1Dict}
  compare :: Main.Mu f -> Main.Mu f -> Data.Ordering.Ordering
  compare = \left right ->
    case left, right of
      (In left0), (In right0) ->
        case compare1 {ord1Dict} {ordMu {ord1Dict}} left0 right0 of
          EQ -> EQ
          ordering -> ordering
