---
source: tests-integration/src/fixtures.rs
---
Warning! · [RedundantPattern] · Main.purs:5:1
  •
  │
  • Pattern match has redundant patterns: _, Unit
  │
  │   unit :: Unit -> Int
  │   ╰──────────────────
  •

Warning! · [RedundantPattern] · Main.purs:12:1
  •
  │
  • Pattern match has redundant patterns: Yes
  │
  │   yes :: YesNo -> Int
  │   ╰──────────────────
  •

Warning! · [RedundantPattern] · Main.purs:17:1
  •
  │
  • Pattern match has redundant patterns: No
  │
  │   no :: YesNo -> Int
  │   ╰─────────────────
  •

Warning! · [RedundantPattern] · Main.purs:22:1
  •
  │
  • Pattern match has redundant patterns: _
  │
  │   yesNo :: YesNo -> Int
  │   ╰────────────────────
  •
