---
source: tests-integration/src/fixtures.rs
---
Terms
Left :: forall @a @b. a -> Main.Either a b
Right :: forall @a @b. b -> Main.Either a b
Pair :: forall @a @b. a -> b -> Main.Pair a b
Const2 :: forall t0 t1 @e (@a :: t0) (@b :: t1). e -> Main.Const2 @t0 @t1 e (a :: t0) (b :: t1)

Types
Either :: Prim.Type -> Prim.Type -> Prim.Type
Pair :: Prim.Type -> Prim.Type -> Prim.Type
Const2 :: forall t0 t1. Prim.Type -> t0 -> t1 -> Prim.Type

Derived
derive Data.Bifunctor.Bifunctor Main.Either
derive Data.Bifunctor.Bifunctor Main.Pair
derive forall e. Data.Bifunctor.Bifunctor (Main.Const2 @Prim.Type @Prim.Type e)

Roles
Either = [Representational, Representational]
Pair = [Representational, Representational]
Const2 = [Representational, Phantom, Phantom]
