---
source: tests-integration/src/fixtures.rs
---
data Tuple :: Prim.Type -> Prim.Type -> Prim.Type
data Tuple @a @b
  | Tuple :: a -> b -> Main.Tuple a b

dictionary eqTuple ::
  forall a b.
  { eqDict :: Data.Eq.Eq a } =>
  { eqDict1 :: Data.Eq.Eq b } =>
  Data.Eq.Eq (Main.Tuple a b)
  where
  eq :: Main.Tuple a b -> Main.Tuple a b -> Prim.Boolean
  eq = \left right ->
    case left, right of
      (Tuple left0 left1), (Tuple right0 right1) ->
        if eq {eqDict} left0 right0 then
          if eq {eqDict1} left1 right1 then true else false
        else
          false

dictionary ordTuple ::
  forall a b.
  { ordDict :: Data.Ord.Ord a } =>
  { ordDict1 :: Data.Ord.Ord b } =>
  Data.Ord.Ord (Main.Tuple a b)
  where
  superclass eqDict = eqTuple {ordDict.eqDict} {ordDict1.eqDict}
  compare :: Main.Tuple a b -> Main.Tuple a b -> Data.Ordering.Ordering
  compare = \left right ->
    case left, right of
      (Tuple left0 left1), (Tuple right0 right1) ->
        case compare {ordDict} left0 right0 of
          EQ ->
            case compare {ordDict1} left1 right1 of
              EQ -> EQ
              ordering -> ordering
          ordering -> ordering
