---
source: tests-integration/src/fixtures.rs
---
Terms
Proxy :: forall k (@a :: k). Main.Proxy @k (a :: k)

Types
Proxy :: forall k. k -> Prim.Type
T :: forall k. k -> Prim.Type

Classes
class forall (k :: Prim.Type) (a :: k). Main.T @k (a :: k)

Instances
instance Main.T @(Prim.Row Prim.Type) ( a :: Prim.Int )
instance Main.T @Prim.Type { a :: Prim.Int }
instance Main.T @Prim.Type (Main.Proxy @(Prim.Row Prim.Type) ( a :: Prim.Int ))
instance Main.T @Prim.Type (Main.Proxy @Prim.Type { a :: Prim.Int })

Roles
Proxy = [Phantom]
