---
source: tests-integration/src/fixtures.rs
---
data RightNested :: forall k0. (Prim.Type -> k0 -> Prim.Type) -> k0 -> Prim.Type
data RightNested @p @a
  | RightNested :: p Prim.Int a -> Main.RightNested p a

dictionary functorRightNestedType ::
  forall p.
  { bifunctorDict :: Data.Bifunctor.Bifunctor p } =>
  Data.Functor.Functor (Main.RightNested @Prim.Type p)
  where
  map :: forall a b. (a -> b) -> Main.RightNested @Prim.Type p a -> Main.RightNested @Prim.Type p b
  map = \function -> \(RightNested value) ->
    RightNested (bimap {bifunctorDict} (\fixed -> fixed) function value)

dictionary foldableRightNestedType ::
  forall p.
  { bifoldableDict :: Data.Bifoldable.Bifoldable p } =>
  Data.Foldable.Foldable (Main.RightNested @Prim.Type p)
  where
  foldr :: forall a b. (a -> b -> b) -> b -> Main.RightNested @Prim.Type p a -> b
  foldr = \function -> \initial -> \(RightNested value) ->
    bifoldr {bifoldableDict} (\_ accumulated -> accumulated) function initial value
  foldl :: forall a b. (b -> a -> b) -> b -> Main.RightNested @Prim.Type p a -> b
  foldl = \function -> \initial -> \(RightNested value) ->
    bifoldl {bifoldableDict} (\accumulated _ -> accumulated) function initial value
  foldMap :: forall a m. Data.Monoid.Monoid m => (a -> m) -> Main.RightNested @Prim.Type p a -> m
  foldMap = \{monoidDict} -> \function -> \(RightNested value) ->
    bifoldMap {bifoldableDict} {monoidDict} (\_ -> mempty {monoidDict}) function value

dictionary traversableRightNestedType ::
  forall p.
  { bitraversableDict :: Data.Bitraversable.Bitraversable p } =>
  Data.Traversable.Traversable (Main.RightNested @Prim.Type p)
  where
  superclass functorDict = functorRightNestedType {bitraversableDict.bifunctorDict}
  superclass foldableDict = foldableRightNestedType {bitraversableDict.bifoldableDict}
  traverse :: forall a b (m :: Prim.Type -> Prim.Type).
  Control.Applicative.Applicative m =>
  (a -> m b) -> Main.RightNested @Prim.Type p a -> m (Main.RightNested @Prim.Type p b)
  traverse = \{applicativeDict} ->
    \function value ->
      case value of
        (RightNested field0) -> map {applicativeDict.applyDict.functorDict}
          (\field0Result -> RightNested field0Result)
          (bitraverse {bitraversableDict} {applicativeDict}
            (\unchanged -> pure {applicativeDict} unchanged)
            (\element -> function element)
            field0)
  sequence :: forall a (m :: Prim.Type -> Prim.Type).
  Control.Applicative.Applicative m =>
  Main.RightNested @Prim.Type p (m a) -> m (Main.RightNested @Prim.Type p a)
  sequence = \{applicativeDict} ->
    \value ->
      traverse {traversableRightNestedType {bitraversableDict}} {applicativeDict}
        (\effect0 -> effect0)
        value
