---
source: tests-integration/src/fixtures.rs
---
Terms
Triple ::
  forall t0 t1 t2 (@a :: t0) (@b :: t1) (@c :: t2).
    Main.Triple @t0 @t1 @t2 (a :: t0) (b :: t1) (c :: t2)
Captured ::
  forall t0 (@a :: t0).
    Main.Triple @t0 @Prim.Type @Prim.Type (a :: t0) Prim.Int Prim.String ->
    Main.Captured @t0 (a :: t0)

Types
Triple :: forall t0 t1 t2. t0 -> t1 -> t2 -> Prim.Type
Captured :: forall t0. t0 -> Prim.Type

Derived
derive Data.Functor.Contravariant.Contravariant (Main.Captured @Prim.Type)

Roles
Triple = [Phantom, Phantom, Phantom]
Captured = [Representational]
