---
source: tests-integration/src/fixtures.rs
---
Terms
mk ::
  forall a (r :: Prim.Row Prim.Type) (r' :: Prim.Row Prim.Type) (s :: Prim.Symbol).
    Prim.Row.Cons @Prim.Type
      (s :: Prim.Symbol)
      a
      (r' :: Prim.Row Prim.Type)
      (Main.CombinedRow (r :: Prim.Row Prim.Type)) =>
    Type.Proxy.Proxy @Prim.Symbol (s :: Prim.Symbol) ->
    a ->
    Type.Proxy.Proxy @(Prim.Row Prim.Type) (Main.CombinedRow (r :: Prim.Row Prim.Type))
test ::
  forall (r :: Prim.Row Prim.Type).
    Type.Proxy.Proxy @(Prim.Row Prim.Type) (Main.CombinedRow (r :: Prim.Row Prim.Type))
forceSolve ::
  forall (t0 :: Prim.Row Prim.Type).
    { test :: Type.Proxy.Proxy @(Prim.Row Prim.Type) (Main.CombinedRow (t0 :: Prim.Row Prim.Type)) }

Types
RowApply :: forall k. (Prim.Row k -> Prim.Row k) -> Prim.Row k -> Prim.Row k
+ :: forall k. (Prim.Row k -> Prim.Row k) -> Prim.Row k -> Prim.Row k
LeftRow :: Prim.Row Prim.Type -> Prim.Row Prim.Type
RightRow :: Prim.Row Prim.Type -> Prim.Row Prim.Type
CombinedRow :: Prim.Row Prim.Type -> Prim.Row Prim.Type

Synonyms
type RowApply f a = (f :: Prim.Row k -> Prim.Row k) (a :: Prim.Row k)
type LeftRow r = ( left :: Prim.Boolean | (r :: Prim.Row Prim.Type) )
type RightRow r = ( right :: Prim.String | (r :: Prim.Row Prim.Type) )
type CombinedRow r = Main.RowApply @Prim.Type
  Main.LeftRow
  (Main.RowApply @Prim.Type Main.RightRow (r :: Prim.Row Prim.Type))
