---
source: tests-integration/src/fixtures.rs
---
Terms
Tuple :: forall @a @b. a -> b -> Main.Tuple a b
pure :: forall a. a -> Main.Effect a
map :: forall a b. (a -> b) -> Main.Effect a -> Main.Effect b
apply :: forall a b. Main.Effect (a -> b) -> Main.Effect a -> Main.Effect b
test :: Main.Effect (Main.Tuple Prim.Int Prim.Int)
test' :: Main.Effect (Main.Tuple Prim.Int Prim.Int)

Types
Effect :: Prim.Type -> Prim.Type
Tuple :: Prim.Type -> Prim.Type -> Prim.Type

Roles
Effect = [Nominal]
Tuple = [Representational, Representational]
