---
source: tests-integration/src/fixtures.rs
assertion_line: 308
---
Error! · [FunctionalCodegen] · Main.purs:6:1
  •
  │
  • Cannot generate JavaScript for module 'Main'.
  │
  │ 'Iris.StyleX.create' cannot statically evaluate imported value 'Tokens.accent'; use a same-
  │ module static value or an exported defineVars, defineConsts, or defineMarker definition.
  │
  │   styles = StyleX.create { root: { color: accent } }
  │   ╰─────────────────────────────────────────────────
  •
