---
source: tests-integration/src/fixtures.rs
---
interface Operations :: (Prim.Type -> Prim.Type) -> Prim.Constraint
interface Operations effect where
  pure :: forall value. value -> effect value
  bind :: forall value result. effect value -> (value -> effect result) -> effect result
  discard :: forall value result. effect value -> (value -> effect result) -> effect result

usingBind :: forall effect. Main.Operations effect => effect Prim.Int
usingBind = \{operationsDict} ->
  bind {operationsDict} (pure {operationsDict} 1) \value -> pure {operationsDict} value

usingDiscard :: forall effect. Main.Operations effect => effect Prim.Int
usingDiscard = \{operationsDict} ->
  discard {operationsDict} (pure {operationsDict} "ignored") \_ -> pure {operationsDict} 1
