---
source: tests-integration/src/fixtures.rs
---
Terms
Leaf :: forall @a. a -> Main.Tree a
Branch :: forall @a. Main.Tree a -> Main.Tree a -> Main.Tree a

Types
Tree :: Prim.Type -> Prim.Type

Derived
derive Data.Functor.Functor Main.Tree
derive Data.Foldable.Foldable Main.Tree
derive Data.Traversable.Traversable Main.Tree

Roles
Tree = [Representational]
