---
source: tests-integration/src/fixtures.rs
---
Error! · [MissingFFIModule] · Main.purs:12:1
  •
  │
  • No JavaScript FFI module was found for foreign import 'bind'
  │
  │   foreign import bind ::
  │   ╰─────────────────────
  •

Error! · [MissingFFIModule] · Main.purs:20:1
  •
  │
  • No JavaScript FFI module was found for foreign import 'discard'
  │
  │   foreign import discard ::
  │   ╰────────────────────────
  •

Error! · [MissingFFIModule] · Main.purs:28:1
  •
  │
  • No JavaScript FFI module was found for foreign import 'stepZero'
  │
  │   foreign import stepZero :: Action 0 Int
  │   ╰──────────────────────────────────────
  •

Error! · [MissingFFIModule] · Main.purs:30:1
  •
  │
  • No JavaScript FFI module was found for foreign import 'stepOne'
  │
  │   foreign import stepOne :: Action 1 String
  │   ╰────────────────────────────────────────
  •

Error! · [MissingFFIModule] · Main.purs:32:1
  •
  │
  • No JavaScript FFI module was found for foreign import 'stepTwo'
  │
  │   foreign import stepTwo :: Action 2 Boolean
  │   ╰─────────────────────────────────────────
  •

Error! · [MissingFFIModule] · Main.purs:34:1
  •
  │
  • No JavaScript FFI module was found for foreign import 'stepThree'
  │
  │   foreign import stepThree :: Action 3 String
  │   ╰──────────────────────────────────────────
  •

Error! · [MissingFFIModule] · Main.purs:36:1
  •
  │
  • No JavaScript FFI module was found for foreign import 'stepFour'
  │
  │   foreign import stepFour :: Action 4 Number
  │   ╰─────────────────────────────────────────
  •
