---
source: tests-integration/src/fixtures.rs
---
Terms
addChain ::
  forall (n :: Prim.Int) (m :: Prim.Int).
    Prim.Int.Add 1 2 (n :: Prim.Int) =>
    Prim.Int.Add 1 (n :: Prim.Int) (m :: Prim.Int) =>
    Type.Proxy.Proxy @Prim.Int (m :: Prim.Int)
addContradiction ::
  forall (m :: Prim.Int).
    Prim.Int.Add 1 2 4 =>
    Prim.Int.Add 1 4 (m :: Prim.Int) =>
    Type.Proxy.Proxy @Prim.Int (m :: Prim.Int)
forceSolve ::
  { addChain :: Type.Proxy.Proxy @Prim.Int 4, addContradiction :: Type.Proxy.Proxy @Prim.Int 5 }

Types
