---
source: tests-integration/src/fixtures.rs
---
Terms
unit :: Main.Unit
pure :: forall a. a -> Main.Effect a
map :: forall a b. (a -> b) -> Main.Effect a -> Main.Effect b
apply :: forall a b. Main.Effect (a -> b) -> Main.Effect a -> Main.Effect b
add :: forall @a. Main.Semiring a => a -> a -> a
addImpl :: Prim.Int -> Prim.Int -> Prim.Int
+ :: forall @a. Main.Semiring a => a -> a -> a
thing1 :: Main.Effect Prim.String
test :: Main.Effect Main.Unit

Types
Effect :: Prim.Type -> Prim.Type
Unit :: Prim.Type
Semiring :: Prim.Type -> Prim.Constraint

Classes
class forall (a :: Prim.Type). Main.Semiring a
  add :: forall @a. Main.Semiring a => a -> a -> a

Instances
instance Main.Semiring Prim.Int

Roles
Effect = [Nominal]
Unit = []
