---
source: tests-integration/src/fixtures.rs
---
Error! · [DeriveInvalidArity] · Main.purs:7:1
  •
  │
  • Invalid arity for derive: expected 2, got 1
  │
  │   derive instance Generic Box
  │   ╰──────────────────────────
  •

Error! · [CannotUnify] · Main.purs:7:1
  •
  │
  • Cannot unify 'Type -> Constraint' with 'Constraint'
  │
  │   derive instance Generic Box
  │   ╰──────────────────────────
  •

Error! · [DeriveInvalidArity] · Main.purs:7:1
  •
  │
  • Invalid arity for derive: expected 2, got 1
  │
  │   derive instance Generic Box
  │   ╰──────────────────────────
  •

Error! · [FunctionalCodegen] · Main.purs:1:1
  •
  │
  • Cannot generate JavaScript for module 'Main'.
  │
  │ The checked representation of an instance declaration is unavailable.
  │
  │   module Main where
  │   ╰────────────────
  •
