---
source: tests-integration/src/fixtures.rs
---
interface Required :: Prim.Type -> Prim.Constraint
interface Required value where

interface Example :: Prim.Type -> Prim.Constraint
interface Example a where
  example :: Prim.Boolean

implementation :: Prim.TypeError.Fail (Prim.TypeError.Text "first deferred error") =>
Main.Required Prim.Int =>
Prim.TypeError.Fail (Prim.TypeError.Text "second deferred error") =>
Prim.Boolean
implementation = \{failDict} -> \{requiredDict} -> \{failDict1} -> boolean

foreign import boolean :: Prim.Boolean

dictionary exampleInt ::
  { failDict :: Prim.TypeError.Fail (Prim.TypeError.Text "first deferred error") } =>
  { requiredDict :: Main.Required Prim.Int } =>
  { failDict1 :: Prim.TypeError.Fail (Prim.TypeError.Text "second deferred error") } =>
  Main.Example Prim.Int
  where
  example :: Prim.Boolean
  example = implementation {failDict} {requiredDict} {failDict1}
