---
source: tests-integration/src/fixtures.rs
---
Terms
Unit :: Main.Unit
Respond ::
  forall @x' @x @a' @a (@m :: Prim.Type -> Prim.Type) @r.
    a ->
    (a' -> Main.Proxy x' x a' a (m :: Prim.Type -> Prim.Type) r) ->
    Main.Proxy x' x a' a (m :: Prim.Type -> Prim.Type) r
Pure ::
  forall @x' @x @a' @a (@m :: Prim.Type -> Prim.Type) @r.
    r -> Main.Proxy x' x a' a (m :: Prim.Type -> Prim.Type) r
respond ::
  forall (m :: Prim.Type -> Prim.Type) a a' x x'.
    Main.Monad (m :: Prim.Type -> Prim.Type) =>
    a -> Main.Proxy x' x a' a (m :: Prim.Type -> Prim.Type) a'
yield ::
  forall (m :: Prim.Type -> Prim.Type) a.
    Main.Monad (m :: Prim.Type -> Prim.Type) =>
    a -> Main.Producer_ a (m :: Prim.Type -> Prim.Type) Main.Unit

Types
Unit :: Prim.Type
Monad :: (Prim.Type -> Prim.Type) -> Prim.Constraint
Proxy ::
  Prim.Type ->
  Prim.Type ->
  Prim.Type ->
  Prim.Type ->
  (Prim.Type -> Prim.Type) ->
  Prim.Type ->
  Prim.Type
Producer_ :: Prim.Type -> (Prim.Type -> Prim.Type) -> Prim.Type -> Prim.Type

Synonyms
type Producer_ b m r = forall x' x. Main.Proxy x' x Main.Unit b (m :: Prim.Type -> Prim.Type) r

Classes
class forall (m :: Prim.Type -> Prim.Type). Main.Monad (m :: Prim.Type -> Prim.Type)

Roles
Unit = []
Proxy = [Representational, Representational, Representational, Representational, Representational, Representational]
