---
source: compiler-frontend/parsing/tests/parser.rs
---
(
    Module@0..294
      ModuleHeader@0..35
        MODULE@0..6 "module"
        Annotation@6..7
          TEXT@6..7 " "
        ModuleName@7..29
          UPPER@7..29 "ExpressionRecordAccess"
        Annotation@29..30
          TEXT@29..30 " "
        WHERE@30..35 "where"
      LAYOUT_START@35..35 ""
      ModuleStatements@35..293
        ValueEquation@35..56
          Annotation@35..37
            TEXT@35..37 "\n\n"
          LOWER@37..43 "access"
          Unconditional@43..56
            Annotation@43..44
              TEXT@43..44 " "
            EQUAL@44..45 "="
            WhereExpression@45..56
              ExpressionRecordAccess@45..56
                ExpressionVariable@45..52
                  Annotation@45..46
                    TEXT@45..46 " "
                  QualifiedName@46..52
                    LOWER@46..52 "record"
                RecordAccessLabel@52..56
                  PERIOD@52..53 "."
                  LabelName@53..56
                    TEXT@53..56 "foo"
        LAYOUT_SEPARATOR@56..56 ""
        ValueEquation@56..80
          Annotation@56..57
            TEXT@56..57 "\n"
          LOWER@57..63 "access"
          Unconditional@63..80
            Annotation@63..64
              TEXT@63..64 " "
            EQUAL@64..65 "="
            WhereExpression@65..80
              ExpressionRecordAccess@65..80
                ExpressionVariable@65..72
                  Annotation@65..66
                    TEXT@65..66 " "
                  QualifiedName@66..72
                    LOWER@66..72 "record"
                RecordAccessLabel@72..76
                  PERIOD@72..73 "."
                  LabelName@73..76
                    TEXT@73..76 "foo"
                RecordAccessLabel@76..80
                  PERIOD@76..77 "."
                  LabelName@77..80
                    TEXT@77..80 "bar"
        LAYOUT_SEPARATOR@80..80 ""
        ValueEquation@80..101
          Annotation@80..82
            TEXT@80..82 "\n\n"
          LOWER@82..89 "section"
          Unconditional@89..101
            Annotation@89..90
              TEXT@89..90 " "
            EQUAL@90..91 "="
            WhereExpression@91..101
              ExpressionRecordAccess@91..101
                ExpressionSection@91..93
                  Annotation@91..92
                    TEXT@91..92 " "
                  UNDERSCORE@92..93 "_"
                RecordAccessLabel@93..97
                  PERIOD@93..94 "."
                  LabelName@94..97
                    TEXT@94..97 "foo"
                RecordAccessLabel@97..101
                  PERIOD@97..98 "."
                  LabelName@98..101
                    TEXT@98..101 "bar"
        LAYOUT_SEPARATOR@101..101 ""
        ValueEquation@101..126
          Annotation@101..103
            TEXT@101..103 "\n\n"
          LOWER@103..110 "keyword"
          Unconditional@110..126
            Annotation@110..111
              TEXT@110..111 " "
            EQUAL@111..112 "="
            WhereExpression@112..126
              ExpressionRecordAccess@112..126
                ExpressionVariable@112..119
                  Annotation@112..113
                    TEXT@112..113 " "
                  QualifiedName@113..119
                    LOWER@113..119 "record"
                RecordAccessLabel@119..126
                  PERIOD@119..120 "."
                  LabelName@120..126
                    TEXT@120..126 "forall"
        LAYOUT_SEPARATOR@126..126 ""
        ValueEquation@126..157
          Annotation@126..127
            TEXT@126..127 "\n"
          LOWER@127..134 "keyword"
          Unconditional@134..157
            Annotation@134..135
              TEXT@134..135 " "
            EQUAL@135..136 "="
            WhereExpression@136..157
              ExpressionRecordAccess@136..157
                ExpressionVariable@136..143
                  Annotation@136..137
                    TEXT@136..137 " "
                  QualifiedName@137..143
                    LOWER@137..143 "record"
                RecordAccessLabel@143..150
                  PERIOD@143..144 "."
                  LabelName@144..150
                    TEXT@144..150 "forall"
                RecordAccessLabel@150..157
                  PERIOD@150..151 "."
                  LabelName@151..157
                    TEXT@151..157 "forall"
        LAYOUT_SEPARATOR@157..157 ""
        ValueEquation@157..182
          Annotation@157..159
            TEXT@157..159 "\n\n"
          LOWER@159..165 "string"
          Unconditional@165..182
            Annotation@165..166
              TEXT@165..166 " "
            EQUAL@166..167 "="
            WhereExpression@167..182
              ExpressionRecordAccess@167..182
                ExpressionVariable@167..174
                  Annotation@167..168
                    TEXT@167..168 " "
                  QualifiedName@168..174
                    LOWER@168..174 "record"
                RecordAccessLabel@174..182
                  PERIOD@174..175 "."
                  LabelName@175..182
                    TEXT@175..182 "\"error\""
        LAYOUT_SEPARATOR@182..182 ""
        ValueEquation@182..214
          Annotation@182..183
            TEXT@182..183 "\n"
          LOWER@183..189 "string"
          Unconditional@189..214
            Annotation@189..190
              TEXT@189..190 " "
            EQUAL@190..191 "="
            WhereExpression@191..214
              ExpressionRecordAccess@191..214
                ExpressionVariable@191..198
                  Annotation@191..192
                    TEXT@191..192 " "
                  QualifiedName@192..198
                    LOWER@192..198 "record"
                RecordAccessLabel@198..206
                  PERIOD@198..199 "."
                  LabelName@199..206
                    TEXT@199..206 "\"error\""
                RecordAccessLabel@206..214
                  PERIOD@206..207 "."
                  LabelName@207..214
                    TEXT@207..214 "\"error\""
        LAYOUT_SEPARATOR@214..214 ""
        ValueEquation@214..247
          Annotation@214..216
            TEXT@214..216 "\n\n"
          LOWER@216..226 "raw_string"
          Unconditional@226..247
            Annotation@226..227
              TEXT@226..227 " "
            EQUAL@227..228 "="
            WhereExpression@228..247
              ExpressionRecordAccess@228..247
                ExpressionVariable@228..235
                  Annotation@228..229
                    TEXT@228..229 " "
                  QualifiedName@229..235
                    LOWER@229..235 "record"
                RecordAccessLabel@235..247
                  PERIOD@235..236 "."
                  LabelName@236..247
                    TEXT@236..247 "\"\"\"error\"\"\""
        LAYOUT_SEPARATOR@247..247 ""
        ValueEquation@247..293
          Annotation@247..248
            TEXT@247..248 "\n"
          LOWER@248..258 "raw_string"
          Unconditional@258..293
            Annotation@258..259
              TEXT@258..259 " "
            EQUAL@259..260 "="
            WhereExpression@260..293
              ExpressionRecordAccess@260..293
                ExpressionVariable@260..267
                  Annotation@260..261
                    TEXT@260..261 " "
                  QualifiedName@261..267
                    LOWER@261..267 "record"
                RecordAccessLabel@267..279
                  PERIOD@267..268 "."
                  LabelName@268..279
                    TEXT@268..279 "\"\"\"error\"\"\""
                RecordAccessLabel@279..293
                  PERIOD@279..280 "."
                  LabelName@280..293
                    TEXT@280..293 "\"\"\"\"error\"\"\"\""
      LAYOUT_END@293..293 ""
      Annotation@293..294
        TEXT@293..294 "\n"
      END_OF_FILE@294..294 ""
    ,
    [],
)
