---
source: tests-integration/src/fixtures.rs
---
Error! · [EscapedSkolem] · Main.purs:54:3
  •
  │
  • Type variable '(scope :: t0)' has escaped its scope, appearing in type 'Token @t0 (scope :: t0)'
  │
  │     escaped = leak modify
  │     ╰────────────────────
  •

Error! · [EscapedSkolem] · Main.purs:67:3
  •
  │
  • Type variable '(scope1 :: ?61)' has escaped its scope, appearing in type 'Token @?61
  │ (scope1 :: ?61)'
  │
  │     escaped = leak modify
  │     ╰────────────────────
  •

Error! · [EscapedSkolem] · Main.purs:50:3
  •
  │
  • Type variable 'value' has escaped its scope, appearing in type 'Witness @Type value'
  │
  │     eval = constrainedEval Spec
  │     ╰──────────────────────────
  •

Error! · [EscapedSkolem] · Main.purs:56:1
  •
  │
  • Type variable '(scope2 :: t1)' has escaped its scope, appearing in type 'forall t1. Token @t1
  │ (scope2 :: t1)'
  │
  │   escapedEtaExpansion = leak (\token -> modify token)
  │   ╰──────────────────────────────────────────────────
  •

Error! · [EscapedSkolem] · Main.purs:58:1
  •
  │
  • Type variable '(scope3 :: t2)' has escaped its scope, appearing in type 'forall t2. Token @t2
  │ (scope3 :: t2)'
  │
  │   escapedIdentityWrapper = identity (leak modify)
  │   ╰──────────────────────────────────────────────
  •

Error! · [EscapedSkolem] · Main.purs:60:1
  •
  │
  • Type variable '(scope4 :: t3)' has escaped its scope, appearing in type 'forall t3. Array (Token
  │ @t3 (scope4 :: t3))'
  │
  │   escapedArrayWrapper = [leak modify]
  │   ╰──────────────────────────────────
  •

Error! · [EscapedSkolem] · Main.purs:62:1
  •
  │
  • Type variable '(scope5 :: t4)' has escaped its scope, appearing in type 'forall t4. Token @t4
  │ (scope5 :: t4)'
  │
  │   escapedConditionalWrapper = leak (\token -> if true then modify token else modify token)
  │   ╰───────────────────────────────────────────────────────────────────────────────────────
  •

Error! · [MissingFFIModule] · Main.purs:19:1
  •
  │
  • No JavaScript FFI module was found for foreign import 'mkEval'
  │
  │   foreign import mkEval :: forall value. Spec -> value -> value
  │   ╰────────────────────────────────────────────────────────────
  •

Error! · [MissingFFIModule] · Main.purs:21:1
  •
  │
  • No JavaScript FFI module was found for foreign import 'constrainedEval'
  │
  │   foreign import constrainedEval
  │   ╰─────────────────────────────
  •

Error! · [MissingFFIModule] · Main.purs:28:1
  •
  │
  • No JavaScript FFI module was found for foreign import 'consumeIdentity'
  │
  │   foreign import consumeIdentity :: (forall value. value -> value) -> Unit
  │   ╰───────────────────────────────────────────────────────────────────────
  •

Error! · [MissingFFIModule] · Main.purs:30:1
  •
  │
  • No JavaScript FFI module was found for foreign import 'leak'
  │
  │   foreign import leak
  │   ╰──────────────────
  •
