---
source: tests-integration/src/fixtures.rs
---
Terms
WrapBoth ::
  forall t0 t1 (@f :: t0 -> Prim.Type) (@g :: t1 -> Prim.Type) (@a :: t0) (@b :: t1).
    (f :: t0 -> Prim.Type) (a :: t0) ->
    (g :: t1 -> Prim.Type) (b :: t1) ->
    Main.WrapBoth @t0 @t1 (f :: t0 -> Prim.Type) (g :: t1 -> Prim.Type) (a :: t0) (b :: t1)
WrapBothNoConstraint ::
  forall t0 t1 (@f :: t0 -> Prim.Type) (@g :: t1 -> Prim.Type) (@a :: t0) (@b :: t1).
    (f :: t0 -> Prim.Type) (a :: t0) ->
    (g :: t1 -> Prim.Type) (b :: t1) ->
    Main.WrapBothNoConstraint @t0 @t1
      (f :: t0 -> Prim.Type)
      (g :: t1 -> Prim.Type)
      (a :: t0)
      (b :: t1)

Types
WrapBoth :: forall t0 t1. (t0 -> Prim.Type) -> (t1 -> Prim.Type) -> t0 -> t1 -> Prim.Type
WrapBothNoConstraint ::
  forall t0 t1. (t0 -> Prim.Type) -> (t1 -> Prim.Type) -> t0 -> t1 -> Prim.Type

Derived
derive forall (f :: Prim.Type -> Prim.Type) (g :: Prim.Type -> Prim.Type).
  Data.Foldable.Foldable (f :: Prim.Type -> Prim.Type) =>
  Data.Foldable.Foldable (g :: Prim.Type -> Prim.Type) =>
  Data.Bifoldable.Bifoldable
    (Main.WrapBoth @Prim.Type @Prim.Type
      (f :: Prim.Type -> Prim.Type)
      (g :: Prim.Type -> Prim.Type))
derive forall (f :: Prim.Type -> Prim.Type) (g :: Prim.Type -> Prim.Type).
  Data.Bifoldable.Bifoldable
    (Main.WrapBothNoConstraint @Prim.Type @Prim.Type
      (f :: Prim.Type -> Prim.Type)
      (g :: Prim.Type -> Prim.Type))

Roles
WrapBoth = [Representational, Representational, Nominal, Nominal]
WrapBothNoConstraint = [Representational, Representational, Nominal, Nominal]
