---
source: tests-integration/src/fixtures.rs
---
Warning! · [MissingPatterns] · Main.purs:3:1
  •
  │
  • Pattern match is not exhaustive. Missing: _
  │
  │   testNonExhaustive :: Array Int -> Int
  │   ╰────────────────────────────────────
  •

Warning! · [RedundantPattern] · Main.purs:7:1
  •
  │
  • Pattern match has redundant patterns: [_]
  │
  │   testRedundant :: Array Int -> Int
  │   ╰────────────────────────────────
  •
