---
source: tests-integration/src/fixtures.rs
---
Terms
method :: forall @a. Main.MyClass a => a -> Prim.Int
test :: forall a. Main.MyClass a => a -> Prim.Int

Types
MyClass :: Prim.Type -> Prim.Constraint

Classes
class forall (a :: Prim.Type). Main.MyClass a
  method :: forall @a. Main.MyClass a => a -> Prim.Int

Instances
instance Main.MyClass Prim.Int
