---
source: tests-integration/src/fixtures.rs
---
Hover at Position { line: 2, character: 7 }

```
life = 42
--     $
```

Range: <none>

```purescript
Int
```


Hover at Position { line: 5, character: 9 }

```
hello = "world"
--       $
```

Range: <none>

```purescript
String
```


Hover at Position { line: 8, character: 9 }

```
colon = ':'
--       $
```

Range: <none>

```purescript
Char
```


Hover at Position { line: 11, character: 8 }

```
array = [ 1, 2, 3 ]
--      $
```

Range: <none>

```purescript
Array Int
```


Hover at Position { line: 14, character: 9 }

```
record = { life }
--       $
```

Range: <none>

```purescript
{ life :: Int }
```
