---
source: tests-integration/src/fixtures.rs
---
@export constructor Tuple/2

@export map = \dictionary%0 -> dictionary%0.map

@export apply = \dictionary%1 -> dictionary%1.apply

@export pure = \dictionary%2 -> dictionary%2.pure

@export discard = \dictionary%3 -> dictionary%3.discard

@export bind = \dictionary%4 -> dictionary%4.bind

@export testDo = \monadMDict%5 ->
  let
    Bind0Dict%6 = monadMDict%5."Bind0"()
  in bind Bind0Dict%6 (pure (Bind0Dict%6."Applicative0"()) 1)
    (\x%7 ->
      let
        Bind0Dict%8 = monadMDict%5."Bind0"()
      in bind Bind0Dict%8 (pure (Bind0Dict%8."Applicative0"()) "hello")
        (\y%9 ->
          pure ((monadMDict%5."Bind0"())."Applicative0"()) { tag: "Tuple", _1: x%7, _2: y%9 }))

@export testDo' = \bindDict%10 ->
  bind bindDict%10 (pure (bindDict%10."Applicative0"()) 1)
    (\x%11 ->
      bind bindDict%10 (pure (bindDict%10."Applicative0"()) "hello")
        (\y%12 -> pure (bindDict%10."Applicative0"()) { tag: "Tuple", _1: x%11, _2: y%12 }))

@export testAdo = \applicativeFDict%13 ->
  let
    Apply0Dict%14 = applicativeFDict%13."Apply0"()
  in apply Apply0Dict%14
    (map (Apply0Dict%14."Functor0"()) (\x%15 y%16 -> { tag: "Tuple", _1: x%15, _2: y%16 })
      (pure applicativeFDict%13 1))
    (pure applicativeFDict%13 "hello")

@export testAdo' = \applicativeDict%17 ->
  let
    Apply0Dict%18 = applicativeDict%17."Apply0"()
  in apply Apply0Dict%18
    (map (Apply0Dict%18."Functor0"()) (\x%19 y%20 -> { tag: "Tuple", _1: x%19, _2: y%20 })
      (pure applicativeDict%17 1))
    (pure applicativeDict%17 "hello")

@export testDoDiscard = \monadMDict%21 ->
  discard (<error>) (pure ((monadMDict%21."Bind0"())."Applicative0"()) "ignored")
    (\$string%22@(_) -> pure ((monadMDict%21."Bind0"())."Applicative0"()) 42)

@export testDoDiscard' = \discardDict%23 ->
  discard discardDict%23 (pure (discardDict%23."Applicative0"()) "ignored")
    (\$string%24@(_) -> pure (discardDict%23."Applicative0"()) 42)
