---
source: tests-integration/src/fixtures.rs
assertion_line: 308
---
Error! · [NoInstanceFound] · Main.purs:46:3
  •
  │
  • No instance found for: Discard (m :: Type -> Type)
  │
  │     pure "ignored"
  │     ╰─────────────
  • while
  │
  │   Monad (m :: Type -> Type) is in scope
  │   Bind (m :: Type -> Type) is in scope
  │   Applicative (m :: Type -> Type) is in scope
  │   Apply (m :: Type -> Type) is in scope
  │   Functor (m :: Type -> Type) is in scope
  •
