---
source: tests-integration/src/fixtures.rs
---
Parse error · Main.purs:5:1 · Expected LAYOUT_START
Parse error · Main.purs:5:1 · Expected LAYOUT_END
Parse error · Main.purs:6:1 · Expected LAYOUT_START
Parse error · Main.purs:6:1 · Expected LAYOUT_SEPARATOR
Parse error · Main.purs:6:1 · Expected LAYOUT_END
Error! · [NotInScope] · Main.purs:3:10
  •
  │
  • 'Functor' is not in scope
  │
  │   instance Functor Array where
  │            ╰──────
  •

Error! · [NotInScope] · Main.purs:5:10
  •
  │
  • 'Missing.Functor' is not in scope
  │
  │   instance Missing.Functor Array where
  │            ╰──────────────
  •

Error! · [FunctionalCodegen] · Main.purs:1:1
  •
  │
  • Cannot generate JavaScript for module 'Main'.
  │
  │ The checked representation of an instance declaration is unavailable.
  │
  │   module Main where
  │   ╰────────────────
  •
