---
source: tests-integration/src/fixtures.rs
assertion_line: 427
---
SemanticTokens

0:0..6 keyword "module"
0:7..11 namespace "Main"
0:12..17 keyword "where"
2:0..6 keyword "import"
2:7..12 namespace "Iris."
2:12..17 namespace "React"
2:18..20 keyword "as"
2:21..26 namespace "React"
3:0..6 keyword "import"
3:7..14 namespace "Widgets"
3:15..17 keyword "as"
3:18..21 namespace "UI."
3:21..29 namespace "Éléments"
5:0..4 function [declaration] "test"
5:5..9 parameter [declaration] "view"
5:10..15 parameter [declaration] "label"
6:2..3 operator "<"
6:3..4 operator ">"
7:0..4 string "    "
7:4..5 operator "<"
7:5..14 type "my-widget"
7:15..25 property "data-label"
7:25..26 operator "="
7:26..30 string "\"😀\""
7:31..37 property "hidden"
7:37..38 operator "="
7:38..39 operator "{"
7:39..44 keyword "false"
7:44..45 operator "}"
7:45..46 operator ">"
8:0..15 string "      Hello 😀 "
8:15..16 operator "{"
8:16..22 namespace "React."
8:22..26 variable "text"
8:27..32 variable "label"
8:32..33 operator "}"
9:0..6 string "      "
9:6..7 operator "<"
9:7..11 variable "View"
9:12..17 property "label"
9:17..18 operator "="
9:18..19 operator "{"
9:19..24 variable "label"
9:24..25 operator "}"
9:25..26 operator ">"
9:26..32 string "nested"
9:32..34 operator "</"
9:34..38 variable "View"
9:38..39 operator ">"
10:0..6 string "      "
10:6..7 operator "<"
10:7..19 namespace "UI.Éléments."
10:19..24 variable "Badge"
10:25..30 property "title"
10:30..31 operator "="
10:31..35 string "\"hé\""
10:35..36 operator ">"
10:36..41 string "world"
10:41..43 operator "</"
10:43..55 namespace "UI.Éléments."
10:55..60 variable "Badge"
10:60..61 operator ">"
11:0..6 string "      "
11:6..7 operator "<"
11:7..19 namespace "UI.Éléments."
11:19..24 variable "badge"
11:25..30 property "title"
11:30..31 operator "="
11:31..38 string "\"lower\""
11:39..47 property "children"
11:47..48 operator "="
11:48..49 operator "{"
11:49..55 namespace "React."
11:55..60 variable "empty"
11:60..61 operator "}"
11:62..64 operator "/>"
12:0..6 string "      "
12:6..7 operator "{"
12:7..9 keyword "if"
12:10..14 keyword "true"
12:15..19 keyword "then"
12:20..21 operator "<"
12:21..25 type "span"
12:25..26 operator ">"
12:26..27 operator "{"
12:27..33 namespace "React."
12:33..37 variable "text"
12:38..43 variable "label"
12:43..44 operator "}"
12:44..46 operator "</"
12:46..50 type "span"
12:50..51 operator ">"
12:52..56 keyword "else"
12:57..63 namespace "React."
12:63..68 variable "empty"
12:68..69 operator "}"
13:0..4 string "    "
13:4..6 operator "</"
13:6..15 type "my-widget"
13:15..16 operator ">"
14:0..2 string "  "
14:2..4 operator "</"
14:4..5 operator ">"
18:0..10 function [declaration] "unfinished"
18:11..15 parameter [declaration] "view"
18:18..19 operator "<"
18:19..23 variable "View"
18:24..29 property "label"
18:29..30 operator "="
