---
source: tests-integration/src/fixtures.rs
---
Terms
convert :: forall @a @b. Main.Convert a b => a -> b
useGiven :: forall x. Main.Convert Prim.Int x => x
relate :: forall @a @b @c. Main.Relate a b c => a -> b -> c
useRelate :: forall y. Main.Relate Prim.Int Prim.String y => y

Types
Convert :: Prim.Type -> Prim.Type -> Prim.Constraint
Relate :: Prim.Type -> Prim.Type -> Prim.Type -> Prim.Constraint

Classes
class forall (a :: Prim.Type) (b :: Prim.Type). Main.Convert a b
  convert :: forall @a @b. Main.Convert a b => a -> b
class forall (a :: Prim.Type) (b :: Prim.Type) (c :: Prim.Type). Main.Relate a b c
  relate :: forall @a @b @c. Main.Relate a b c => a -> b -> c
